MPLINK 4.48, Linker
Linker Map File - Created Wed Oct 28 13:15:03 2015

                                 Section Info
                  Section       Type    Address   Location Size(Bytes)
                ---------  ---------  ---------  ---------  ---------
               _entry_scn       code   0x000000    program   0x000006
       .code__user_putc.o       code   0x000006    program   0x000002
  High_priority_interrupt       code   0x000008    program   0x000006
           .code___init.o       code   0x00000e    program   0x000002
            .romdata_AD.o    romdata   0x000010    program   0x000000
.romdata_GlobalVariblesCommander.o    romdata   0x000010    program   0x000000
           .romdata_lcd.o    romdata   0x000010    program   0x000000
.romdata_Interrupt_defination_Commander.o    romdata   0x000010    program   0x000000
.idata_serialcommander.o_i    romdata   0x000010    program   0x000002
.romdata_serialcommander.o    romdata   0x000010    program   0x000000
        .romdata___init.o    romdata   0x000010    program   0x000000
       .idata_sprintf.o_i    romdata   0x000010    program   0x000000
       .romdata_sprintf.o    romdata   0x000010    program   0x000000
      .idata_vfprintf.o_i    romdata   0x000010    program   0x000000
      .romdata_fxd3232u.o    romdata   0x000010    program   0x000000
       .romdata_fxm3232.o    romdata   0x000010    program   0x000000
      .romdata_menu_nav.o    romdata   0x000010    program   0x000000
          .romdata_putc.o    romdata   0x000010    program   0x000000
    .romdata__user_putc.o    romdata   0x000010    program   0x000000
         .romdata_c018i.o    romdata   0x000010    program   0x000000
      .idata_fxd3232u.o_i    romdata   0x000012    program   0x000000
       .idata_fxm3232.o_i    romdata   0x000012    program   0x000000
        .idata___init.o_i    romdata   0x000012    program   0x000000
          .idata_putc.o_i    romdata   0x000012    program   0x000000
.code_Interrupt_defination_Commander.o       code   0x000012    program   0x000000
.idata_Interrupt_defination_Commander.o_i    romdata   0x000012    program   0x000000
    .idata__user_putc.o_i    romdata   0x000012    program   0x000000
.code_GlobalVariblesCommander.o       code   0x000012    program   0x000000
         .idata_c018i.o_i    romdata   0x000012    program   0x000000
            .idata_AD.o_i    romdata   0x000012    program   0x000000
           .idata_lcd.o_i    romdata   0x000012    program   0x000000
            .code_c018i.o       code   0x000012    program   0x000000
      .idata_menu_nav.o_i    romdata   0x000012    program   0x000000
   Low_priority_interrupt       code   0x000018    program   0x0000f6
                   .cinit    romdata   0x00010e    program   0x000032
         .code_vfprintf.o       code   0x000140    program   0x000c22
         .code_menu_nav.o       code   0x000d62    program   0x000612
  .code_serialcommander.o       code   0x001374    program   0x00031a
              .code_lcd.o       code   0x00168e    program   0x0001de
          .code_sprintf.o       code   0x00186c    program   0x0000ac
               _cinit_scn       code   0x001918    program   0x00009e
             .code_putc.o       code   0x0019b6    program   0x000084
          .code_fxm3232.o       code   0x001a3a    program   0x000070
                   STRING       code   0x001aaa    program   0x000066
                     PROG       code   0x001b10    program   0x00005a
               .code_AD.o       code   0x001b6a    program   0x000056
         .code_fxd3232u.o       code   0x001bc0    program   0x000048
             D10KTCYXCODE       code   0x001c08    program   0x00002e
                    CTYPE       code   0x001c36    program   0x000024
              D1KTCYXCODE       code   0x001c5a    program   0x000020
                    .code       code   0x001c7a    program   0x000020
             _startup_scn       code   0x001c9a    program   0x00001c
                    STDIO       code   0x001cb6    program   0x00001c
              D10TCYXCODE       code   0x001cd2    program   0x000016
             .stringtable    romdata   0x001ce8    program   0x000012
      .romdata_vfprintf.o    romdata   0x001cfa    program   0x000011
                  MODES_i    romdata   0x001d0b    program   0x000088
            DATA_PHRASE_i    romdata   0x001d93    program   0x0000ae
.idata_GlobalVariblesCommander.o_i    romdata   0x001e41    program   0x00003d
.config_300001_menu_nav.o    romdata   0x300001    program   0x000001
.config_300002_menu_nav.o    romdata   0x300002    program   0x000001
.config_300003_menu_nav.o    romdata   0x300003    program   0x000001
.config_300005_menu_nav.o    romdata   0x300005    program   0x000001
.config_300006_menu_nav.o    romdata   0x300006    program   0x000001
.config_300008_menu_nav.o    romdata   0x300008    program   0x000001
.config_300009_menu_nav.o    romdata   0x300009    program   0x000001
.config_30000a_menu_nav.o    romdata   0x30000a    program   0x000001
.config_30000b_menu_nav.o    romdata   0x30000b    program   0x000001
.config_30000c_menu_nav.o    romdata   0x30000c    program   0x000001
.config_30000d_menu_nav.o    romdata   0x30000d    program   0x000001
                MATH_DATA      udata   0x000000       data   0x000014
                 .tmpdata      udata   0x000014       data   0x000007
                DELAYDAT2      udata   0x00001b       data   0x000001
                DELAYDAT1      udata   0x00001c       data   0x000001
              DATA_PHRASE      idata   0x000100       data   0x0000ae
.idata_GlobalVariblesCommander.o      idata   0x0001ae       data   0x00003d
           .udata_c018i.o      udata   0x0001eb       data   0x00000a
 .idata_serialcommander.o      idata   0x0001f5       data   0x000002
      .idata__user_putc.o      idata   0x0001f7       data   0x000000
      .udata__user_putc.o      udata   0x0001f7       data   0x000000
            .idata_putc.o      idata   0x0001f7       data   0x000000
            .udata_putc.o      udata   0x0001f7       data   0x000000
         .idata_fxm3232.o      idata   0x0001f7       data   0x000000
         .udata_fxm3232.o      udata   0x0001f7       data   0x000000
        .idata_fxd3232u.o      idata   0x0001f7       data   0x000000
        .udata_fxd3232u.o      udata   0x0001f7       data   0x000000
        .idata_vfprintf.o      idata   0x0001f7       data   0x000000
        .udata_vfprintf.o      udata   0x0001f7       data   0x000000
         .idata_sprintf.o      idata   0x0001f7       data   0x000000
         .udata_sprintf.o      udata   0x0001f7       data   0x000000
          .idata___init.o      idata   0x0001f7       data   0x000000
          .udata___init.o      udata   0x0001f7       data   0x000000
           .idata_c018i.o      idata   0x0001f7       data   0x000000
        .idata_menu_nav.o      idata   0x0001f7       data   0x000000
 .udata_serialcommander.o      udata   0x0001f7       data   0x000000
.idata_Interrupt_defination_Commander.o      idata   0x0001f7       data   0x000000
.udata_Interrupt_defination_Commander.o      udata   0x0001f7       data   0x000000
.udata_GlobalVariblesCommander.o      udata   0x0001f7       data   0x000000
              .idata_AD.o      idata   0x0001f7       data   0x000000
              .udata_AD.o      udata   0x0001f7       data   0x000000
             .idata_lcd.o      idata   0x0001f7       data   0x000000
             .udata_lcd.o      udata   0x0001f7       data   0x000000
                    MODES      idata   0x000200       data   0x000088
        .udata_menu_nav.o      udata   0x000288       data   0x000028
                   .stack      udata   0x000500       data   0x000100
            SFR_UNBANKED0      udata   0x000f80       data   0x000080



                              Program Memory Usage 
                               Start         End      
                           ---------   ---------      
                            0x000000    0x000011      
                            0x000018    0x001e7d      
                            0x300001    0x300003      
                            0x300005    0x300006      
                            0x300008    0x30000d      
            7811 out of 33048 program addresses used, program memory utilization is 23%



                              Symbols - Sorted by Name
                     Name    Address   Location    Storage File                     
                ---------  ---------  ---------  --------- ---------                
                ADC_setup   0x001b6a    program     extern C:\Users\bjon4634\Desktop\25-Oct.X\AD.c
             Button_Setup   0x001044    program     extern C:\Users\bjon4634\Desktop\25-Oct.X\menu_nav.c
                   D10K_1   0x001c14    program     static E:\c18v3.46\pic18-lt\cxx-framework\src\traditional\delays\d10ktcyx.asm
                    D10Kl   0x001c20    program     static E:\c18v3.46\pic18-lt\cxx-framework\src\traditional\delays\d10ktcyx.asm
                    D10Kx   0x001c12    program     static E:\c18v3.46\pic18-lt\cxx-framework\src\traditional\delays\d10ktcyx.asm
                    D10_1   0x001ce2    program     static E:\c18v3.46\pic18-lt\cxx-framework\src\traditional\delays\d10tcyx.asm
                     D10x   0x001cda    program     static E:\c18v3.46\pic18-lt\cxx-framework\src\traditional\delays\d10tcyx.asm
                    D1K_1   0x001c66    program     static E:\c18v3.46\pic18-lt\cxx-framework\src\traditional\delays\d1ktcyx.asm
                     D1Kx   0x001c64    program     static E:\c18v3.46\pic18-lt\cxx-framework\src\traditional\delays\d1ktcyx.asm
             Delay10KTCYx   0x001c08    program     extern E:\c18v3.46\pic18-lt\cxx-framework\src\traditional\delays\d10ktcyx.asm
              Delay10TCYx   0x001cd2    program     extern E:\c18v3.46\pic18-lt\cxx-framework\src\traditional\delays\d10tcyx.asm
              Delay1KTCYx   0x001c5a    program     extern E:\c18v3.46\pic18-lt\cxx-framework\src\traditional\delays\d1ktcyx.asm
                 FXD3232U   0x001bc0    program     extern E:\c18v3.46\pic18-lt\cxx-framework\src\traditional\math\fxd3232u.c
                 FXM1616S   0x001b10    program     extern E:\c18v3.46\pic18-lt\cxx-framework\src\traditional\math\fxm1616s.asm
                  FXM3232   0x001a3a    program     extern E:\c18v3.46\pic18-lt\cxx-framework\src\traditional\math\fxm3232.c
  HIGH_PRIORITY_INTERRUPT   0x00001e    program     extern C:\Users\bjon4634\Desktop\25-Oct.X\Interrupt_defination_Commander.c
        HIGH_PRIORITY_ISR   0x000008    program     extern C:\Users\bjon4634\Desktop\25-Oct.X\Interrupt_defination_Commander.c
                HandShake   0x001480    program     extern C:\Users\bjon4634\Desktop\25-Oct.X\serialcommander.c
                 LCD_disp   0x00104a    program     extern C:\Users\bjon4634\Desktop\25-Oct.X\menu_nav.c
                LCD_title   0x0017e4    program     extern C:\Users\bjon4634\Desktop\25-Oct.X\lcd.c
   LOW_PRIORITY_INTERRUPT   0x00006e    program     extern C:\Users\bjon4634\Desktop\25-Oct.X\Interrupt_defination_Commander.c
         LOW_PRIORITY_ISR   0x000018    program     extern C:\Users\bjon4634\Desktop\25-Oct.X\Interrupt_defination_Commander.c
                Lcd_Clear   0x0016d4    program     extern C:\Users\bjon4634\Desktop\25-Oct.X\lcd.c
                  Lcd_Cmd   0x0016bc    program     extern C:\Users\bjon4634\Desktop\25-Oct.X\lcd.c
                 Lcd_Init   0x00173c    program     extern C:\Users\bjon4634\Desktop\25-Oct.X\lcd.c
                 Lcd_Port   0x00168e    program     extern C:\Users\bjon4634\Desktop\25-Oct.X\lcd.c
           Lcd_Set_Cursor   0x0016dc    program     extern C:\Users\bjon4634\Desktop\25-Oct.X\lcd.c
           Lcd_Shift_Left   0x0017da    program     extern C:\Users\bjon4634\Desktop\25-Oct.X\lcd.c
          Lcd_Shift_Right   0x0017d0    program     extern C:\Users\bjon4634\Desktop\25-Oct.X\lcd.c
           Lcd_Write_Char   0x001768    program     extern C:\Users\bjon4634\Desktop\25-Oct.X\lcd.c
         Lcd_Write_String   0x0017a2    program     extern C:\Users\bjon4634\Desktop\25-Oct.X\lcd.c
                 TMR0Init   0x0014b0    program     extern C:\Users\bjon4634\Desktop\25-Oct.X\serialcommander.c
                  TMR0Isr   0x001630    program     extern C:\Users\bjon4634\Desktop\25-Oct.X\serialcommander.c
               TSIGN1616A   0x001b5c    program     static E:\c18v3.46\pic18-lt\cxx-framework\src\traditional\math\fxm1616s.asm
                   _2jEnd   0x001afa    program     static E:\c18v3.46\pic18-lt\cxx-framework\src\traditional\stdclib\slenpgm.asm
       _D10KTCYXCODE_0010   0x001c18    program     static E:\c18v3.46\pic18-lt\cxx-framework\src\traditional\delays\d10ktcyx.asm
       _D10KTCYXCODE_001C   0x001c24    program     static E:\c18v3.46\pic18-lt\cxx-framework\src\traditional\delays\d10ktcyx.asm
        _D10TCYXCODE_000A   0x001cdc    program     static E:\c18v3.46\pic18-lt\cxx-framework\src\traditional\delays\d10tcyx.asm
        _D10TCYXCODE_000C   0x001cde    program     static E:\c18v3.46\pic18-lt\cxx-framework\src\traditional\delays\d10tcyx.asm
        _D10TCYXCODE_000E   0x001ce0    program     static E:\c18v3.46\pic18-lt\cxx-framework\src\traditional\delays\d10tcyx.asm
        _D1KTCYXCODE_0010   0x001c6a    program     static E:\c18v3.46\pic18-lt\cxx-framework\src\traditional\delays\d1ktcyx.asm
        _D1KTCYXCODE_0016   0x001c70    program     static E:\c18v3.46\pic18-lt\cxx-framework\src\traditional\delays\d1ktcyx.asm
       ___return_lbl00000   0x000004    program     static                          
       ___return_lbl00000   0x001c06    program     static                          
       ___return_lbl00000   0x001aa8    program     static                          
       ___return_lbl00000   0x00000c    program     static                          
       ___return_lbl00001   0x001cb4    program     static                          
       ___return_lbl00001   0x00001c    program     static                          
       ___return_lbl00002   0x0019b4    program     static                          
               __config_0   0x300001    program     static C:\Users\bjon4634\Desktop\25-Oct.X\menu_nav.c
               __config_1   0x300002    program     static C:\Users\bjon4634\Desktop\25-Oct.X\menu_nav.c
              __config_10   0x30000d    program     static C:\Users\bjon4634\Desktop\25-Oct.X\menu_nav.c
               __config_2   0x300003    program     static C:\Users\bjon4634\Desktop\25-Oct.X\menu_nav.c
               __config_3   0x300005    program     static C:\Users\bjon4634\Desktop\25-Oct.X\menu_nav.c
               __config_4   0x300006    program     static C:\Users\bjon4634\Desktop\25-Oct.X\menu_nav.c
               __config_5   0x300008    program     static C:\Users\bjon4634\Desktop\25-Oct.X\menu_nav.c
               __config_6   0x300009    program     static C:\Users\bjon4634\Desktop\25-Oct.X\menu_nav.c
               __config_7   0x30000a    program     static C:\Users\bjon4634\Desktop\25-Oct.X\menu_nav.c
               __config_8   0x30000b    program     static C:\Users\bjon4634\Desktop\25-Oct.X\menu_nav.c
               __config_9   0x30000c    program     static C:\Users\bjon4634\Desktop\25-Oct.X\menu_nav.c
                   __init   0x00000e    program     extern E:\c18v3.46\pic18-lt\cxx-framework\src\traditional\stdclib\__init.c
                   __pa_0   0x001808    program     static C:\Users\bjon4634\Desktop\25-Oct.X\lcd.c
                   __pa_0   0x0000be    program     static C:\Users\bjon4634\Desktop\25-Oct.X\Interrupt_defination_Commander.c
                   __pa_0   0x000a80    program     static E:\c18v3.46\pic18-lt\cxx-framework\src\traditional\stdclib\vfprintf.c
                   __pa_0   0x001638    program     static C:\Users\bjon4634\Desktop\25-Oct.X\serialcommander.c
                   __pa_0   0x0011a2    program     static C:\Users\bjon4634\Desktop\25-Oct.X\menu_nav.c
                   __pa_1   0x0000e8    program     static C:\Users\bjon4634\Desktop\25-Oct.X\Interrupt_defination_Commander.c
                   __pa_1   0x001646    program     static C:\Users\bjon4634\Desktop\25-Oct.X\serialcommander.c
                   __pa_1   0x0011ae    program     static C:\Users\bjon4634\Desktop\25-Oct.X\menu_nav.c
                   __pa_1   0x000a88    program     static E:\c18v3.46\pic18-lt\cxx-framework\src\traditional\stdclib\vfprintf.c
                   __pa_1   0x001810    program     static C:\Users\bjon4634\Desktop\25-Oct.X\lcd.c
                  __pa_10   0x00124c    program     static C:\Users\bjon4634\Desktop\25-Oct.X\menu_nav.c
                  __pa_10   0x000b3c    program     static E:\c18v3.46\pic18-lt\cxx-framework\src\traditional\stdclib\vfprintf.c
                  __pa_11   0x001258    program     static C:\Users\bjon4634\Desktop\25-Oct.X\menu_nav.c
                  __pa_11   0x000b4a    program     static E:\c18v3.46\pic18-lt\cxx-framework\src\traditional\stdclib\vfprintf.c
                  __pa_12   0x001266    program     static C:\Users\bjon4634\Desktop\25-Oct.X\menu_nav.c
                  __pa_12   0x000b60    program     static E:\c18v3.46\pic18-lt\cxx-framework\src\traditional\stdclib\vfprintf.c
                  __pa_13   0x000b7a    program     static E:\c18v3.46\pic18-lt\cxx-framework\src\traditional\stdclib\vfprintf.c
                  __pa_13   0x001274    program     static C:\Users\bjon4634\Desktop\25-Oct.X\menu_nav.c
                  __pa_14   0x000b92    program     static E:\c18v3.46\pic18-lt\cxx-framework\src\traditional\stdclib\vfprintf.c
                  __pa_14   0x00127e    program     static C:\Users\bjon4634\Desktop\25-Oct.X\menu_nav.c
                  __pa_15   0x001286    program     static C:\Users\bjon4634\Desktop\25-Oct.X\menu_nav.c
                  __pa_15   0x000ba2    program     static E:\c18v3.46\pic18-lt\cxx-framework\src\traditional\stdclib\vfprintf.c
                  __pa_16   0x000bb8    program     static E:\c18v3.46\pic18-lt\cxx-framework\src\traditional\stdclib\vfprintf.c
                  __pa_16   0x001298    program     static C:\Users\bjon4634\Desktop\25-Oct.X\menu_nav.c
                  __pa_17   0x000bca    program     static E:\c18v3.46\pic18-lt\cxx-framework\src\traditional\stdclib\vfprintf.c
                  __pa_17   0x0012a2    program     static C:\Users\bjon4634\Desktop\25-Oct.X\menu_nav.c
                  __pa_18   0x000bdc    program     static E:\c18v3.46\pic18-lt\cxx-framework\src\traditional\stdclib\vfprintf.c
                  __pa_18   0x0012b2    program     static C:\Users\bjon4634\Desktop\25-Oct.X\menu_nav.c
                  __pa_19   0x000be6    program     static E:\c18v3.46\pic18-lt\cxx-framework\src\traditional\stdclib\vfprintf.c
                  __pa_19   0x0012be    program     static C:\Users\bjon4634\Desktop\25-Oct.X\menu_nav.c
                   __pa_2   0x00182c    program     static C:\Users\bjon4634\Desktop\25-Oct.X\lcd.c
                   __pa_2   0x0011c6    program     static C:\Users\bjon4634\Desktop\25-Oct.X\menu_nav.c
                   __pa_2   0x00164a    program     static C:\Users\bjon4634\Desktop\25-Oct.X\serialcommander.c
                   __pa_2   0x000a92    program     static E:\c18v3.46\pic18-lt\cxx-framework\src\traditional\stdclib\vfprintf.c
                  __pa_20   0x000bf6    program     static E:\c18v3.46\pic18-lt\cxx-framework\src\traditional\stdclib\vfprintf.c
                  __pa_20   0x0012ca    program     static C:\Users\bjon4634\Desktop\25-Oct.X\menu_nav.c
                  __pa_21   0x000c06    program     static E:\c18v3.46\pic18-lt\cxx-framework\src\traditional\stdclib\vfprintf.c
                  __pa_21   0x0012da    program     static C:\Users\bjon4634\Desktop\25-Oct.X\menu_nav.c
                  __pa_22   0x000c16    program     static E:\c18v3.46\pic18-lt\cxx-framework\src\traditional\stdclib\vfprintf.c
                  __pa_22   0x0012e2    program     static C:\Users\bjon4634\Desktop\25-Oct.X\menu_nav.c
                  __pa_23   0x000c22    program     static E:\c18v3.46\pic18-lt\cxx-framework\src\traditional\stdclib\vfprintf.c
                  __pa_23   0x0012ec    program     static C:\Users\bjon4634\Desktop\25-Oct.X\menu_nav.c
                  __pa_24   0x000c30    program     static E:\c18v3.46\pic18-lt\cxx-framework\src\traditional\stdclib\vfprintf.c
                  __pa_24   0x001304    program     static C:\Users\bjon4634\Desktop\25-Oct.X\menu_nav.c
                  __pa_25   0x00130c    program     static C:\Users\bjon4634\Desktop\25-Oct.X\menu_nav.c
                  __pa_25   0x000c38    program     static E:\c18v3.46\pic18-lt\cxx-framework\src\traditional\stdclib\vfprintf.c
                  __pa_26   0x000c42    program     static E:\c18v3.46\pic18-lt\cxx-framework\src\traditional\stdclib\vfprintf.c
                  __pa_26   0x001314    program     static C:\Users\bjon4634\Desktop\25-Oct.X\menu_nav.c
                  __pa_27   0x001328    program     static C:\Users\bjon4634\Desktop\25-Oct.X\menu_nav.c
                  __pa_27   0x000c4c    program     static E:\c18v3.46\pic18-lt\cxx-framework\src\traditional\stdclib\vfprintf.c
                  __pa_28   0x001334    program     static C:\Users\bjon4634\Desktop\25-Oct.X\menu_nav.c
                  __pa_28   0x000c54    program     static E:\c18v3.46\pic18-lt\cxx-framework\src\traditional\stdclib\vfprintf.c
                  __pa_29   0x00133e    program     static C:\Users\bjon4634\Desktop\25-Oct.X\menu_nav.c
                  __pa_29   0x000c62    program     static E:\c18v3.46\pic18-lt\cxx-framework\src\traditional\stdclib\vfprintf.c
                   __pa_3   0x0011de    program     static C:\Users\bjon4634\Desktop\25-Oct.X\menu_nav.c
                   __pa_3   0x000a9c    program     static E:\c18v3.46\pic18-lt\cxx-framework\src\traditional\stdclib\vfprintf.c
                   __pa_3   0x001836    program     static C:\Users\bjon4634\Desktop\25-Oct.X\lcd.c
                   __pa_3   0x001652    program     static C:\Users\bjon4634\Desktop\25-Oct.X\serialcommander.c
                  __pa_30   0x000c7e    program     static E:\c18v3.46\pic18-lt\cxx-framework\src\traditional\stdclib\vfprintf.c
                  __pa_30   0x00134a    program     static C:\Users\bjon4634\Desktop\25-Oct.X\menu_nav.c
                  __pa_31   0x001356    program     static C:\Users\bjon4634\Desktop\25-Oct.X\menu_nav.c
                  __pa_31   0x000c98    program     static E:\c18v3.46\pic18-lt\cxx-framework\src\traditional\stdclib\vfprintf.c
                  __pa_32   0x000cb2    program     static E:\c18v3.46\pic18-lt\cxx-framework\src\traditional\stdclib\vfprintf.c
                  __pa_32   0x00135e    program     static C:\Users\bjon4634\Desktop\25-Oct.X\menu_nav.c
                  __pa_33   0x000cca    program     static E:\c18v3.46\pic18-lt\cxx-framework\src\traditional\stdclib\vfprintf.c
                  __pa_33   0x001368    program     static C:\Users\bjon4634\Desktop\25-Oct.X\menu_nav.c
                  __pa_34   0x000cd4    program     static E:\c18v3.46\pic18-lt\cxx-framework\src\traditional\stdclib\vfprintf.c
                  __pa_35   0x000ce2    program     static E:\c18v3.46\pic18-lt\cxx-framework\src\traditional\stdclib\vfprintf.c
                  __pa_36   0x000cea    program     static E:\c18v3.46\pic18-lt\cxx-framework\src\traditional\stdclib\vfprintf.c
                  __pa_37   0x000cf4    program     static E:\c18v3.46\pic18-lt\cxx-framework\src\traditional\stdclib\vfprintf.c
                  __pa_38   0x000d04    program     static E:\c18v3.46\pic18-lt\cxx-framework\src\traditional\stdclib\vfprintf.c
                  __pa_39   0x000d12    program     static E:\c18v3.46\pic18-lt\cxx-framework\src\traditional\stdclib\vfprintf.c
                   __pa_4   0x000ab4    program     static E:\c18v3.46\pic18-lt\cxx-framework\src\traditional\stdclib\vfprintf.c
                   __pa_4   0x0011ec    program     static C:\Users\bjon4634\Desktop\25-Oct.X\menu_nav.c
                   __pa_4   0x00183e    program     static C:\Users\bjon4634\Desktop\25-Oct.X\lcd.c
                   __pa_4   0x001662    program     static C:\Users\bjon4634\Desktop\25-Oct.X\serialcommander.c
                  __pa_40   0x000d1e    program     static E:\c18v3.46\pic18-lt\cxx-framework\src\traditional\stdclib\vfprintf.c
                  __pa_41   0x000d2a    program     static E:\c18v3.46\pic18-lt\cxx-framework\src\traditional\stdclib\vfprintf.c
                  __pa_42   0x000d32    program     static E:\c18v3.46\pic18-lt\cxx-framework\src\traditional\stdclib\vfprintf.c
                  __pa_43   0x000d3c    program     static E:\c18v3.46\pic18-lt\cxx-framework\src\traditional\stdclib\vfprintf.c
                  __pa_44   0x000d42    program     static E:\c18v3.46\pic18-lt\cxx-framework\src\traditional\stdclib\vfprintf.c
                  __pa_45   0x000d4c    program     static E:\c18v3.46\pic18-lt\cxx-framework\src\traditional\stdclib\vfprintf.c
                  __pa_46   0x000d58    program     static E:\c18v3.46\pic18-lt\cxx-framework\src\traditional\stdclib\vfprintf.c
                   __pa_5   0x001670    program     static C:\Users\bjon4634\Desktop\25-Oct.X\serialcommander.c
                   __pa_5   0x000ac8    program     static E:\c18v3.46\pic18-lt\cxx-framework\src\traditional\stdclib\vfprintf.c
                   __pa_5   0x0011fc    program     static C:\Users\bjon4634\Desktop\25-Oct.X\menu_nav.c
                   __pa_5   0x001852    program     static C:\Users\bjon4634\Desktop\25-Oct.X\lcd.c
                   __pa_6   0x001208    program     static C:\Users\bjon4634\Desktop\25-Oct.X\menu_nav.c
                   __pa_6   0x000ae4    program     static E:\c18v3.46\pic18-lt\cxx-framework\src\traditional\stdclib\vfprintf.c
                   __pa_6   0x00167a    program     static C:\Users\bjon4634\Desktop\25-Oct.X\serialcommander.c
                   __pa_6   0x00185c    program     static C:\Users\bjon4634\Desktop\25-Oct.X\lcd.c
                   __pa_7   0x000aee    program     static E:\c18v3.46\pic18-lt\cxx-framework\src\traditional\stdclib\vfprintf.c
                   __pa_7   0x001864    program     static C:\Users\bjon4634\Desktop\25-Oct.X\lcd.c
                   __pa_7   0x001226    program     static C:\Users\bjon4634\Desktop\25-Oct.X\menu_nav.c
                   __pa_7   0x001682    program     static C:\Users\bjon4634\Desktop\25-Oct.X\serialcommander.c
                   __pa_8   0x000afa    program     static E:\c18v3.46\pic18-lt\cxx-framework\src\traditional\stdclib\vfprintf.c
                   __pa_8   0x001230    program     static C:\Users\bjon4634\Desktop\25-Oct.X\menu_nav.c
                   __pa_9   0x000b1c    program     static E:\c18v3.46\pic18-lt\cxx-framework\src\traditional\stdclib\vfprintf.c
                   __pa_9   0x001240    program     static C:\Users\bjon4634\Desktop\25-Oct.X\menu_nav.c
              __string_16   0x001cf3    program     static C:\Users\bjon4634\Desktop\25-Oct.X\menu_nav.c
              __string_17   0x001ced    program     static C:\Users\bjon4634\Desktop\25-Oct.X\menu_nav.c
              __string_18   0x001ce8    program     static C:\Users\bjon4634\Desktop\25-Oct.X\menu_nav.c
              __tmplbl_42   0x000c16    program     static                          
              __tmplbl_43   0x000a5e    program     static                          
              __tmplbl_44   0x000a44    program     static                          
              __tmplbl_85   0x000196    program     static                          
            __zero_memory   0x001c7a    program     extern E:\c18v3.46\pic18-lt\cxx-framework\src\traditional\proc\p18f4520.asm
                _do_cinit   0x001918    program     extern E:\c18v3.46\pic18-lt\cxx-framework\src\traditional\startup\c018i.c
                   _entry   0x000000    program     extern E:\c18v3.46\pic18-lt\cxx-framework\src\traditional\startup\c018i.c
                   _false   0x001c02    program     static                          
                 _startup   0x001c9a    program     extern E:\c18v3.46\pic18-lt\cxx-framework\src\traditional\startup\c018i.c
              _usart_putc   0x001cb6    program     extern E:\c18v3.46\pic18-lt\cxx-framework\src\pmc_common\USART\_usartpc.asm
               _user_putc   0x000006    program     extern E:\c18v3.46\pic18-lt\cxx-framework\src\traditional\stdclib\_user_putc.c
                checkMode   0x00114a    program     extern C:\Users\bjon4634\Desktop\25-Oct.X\menu_nav.c
                compare_l   0x001c90    program     static E:\c18v3.46\pic18-lt\cxx-framework\src\traditional\proc\p18f4520.asm
                copy_loop   0x00198a    program     static                          
            copy_one_byte   0x001990    program     static                          
                delay10us   0x001116    program     extern C:\Users\bjon4634\Desktop\25-Oct.X\menu_nav.c
                  delayms   0x00110a    program     extern C:\Users\bjon4634\Desktop\25-Oct.X\menu_nav.c
                   delays   0x0010cc    program     extern C:\Users\bjon4634\Desktop\25-Oct.X\menu_nav.c
                    doADC   0x001b80    program     extern C:\Users\bjon4634\Desktop\25-Oct.X\AD.c
                     done   0x0019b4    program     static                          
             done_copying   0x00199e    program     static                          
                  isdigit   0x001c36    program     extern E:\c18v3.46\pic18-lt\cxx-framework\src\traditional\stdclib\isdigit.asm
                     jEnd   0x001ac4    program     static E:\c18v3.46\pic18-lt\cxx-framework\src\traditional\stdclib\strlen.asm
                     jEnd   0x001afc    program     static E:\c18v3.46\pic18-lt\cxx-framework\src\traditional\stdclib\slenpgm.asm
                    jLoop   0x001ae4    program     static E:\c18v3.46\pic18-lt\cxx-framework\src\traditional\stdclib\slenpgm.asm
                    jLoop   0x001aba    program     static E:\c18v3.46\pic18-lt\cxx-framework\src\traditional\stdclib\strlen.asm
                   jMatch   0x001c56    program     static E:\c18v3.46\pic18-lt\cxx-framework\src\traditional\stdclib\isdigit.asm
                 jNoMatch   0x001c58    program     static E:\c18v3.46\pic18-lt\cxx-framework\src\traditional\stdclib\isdigit.asm
                     loop   0x001bce    program     static                          
                     loop   0x001cc6    program     static E:\c18v3.46\pic18-lt\cxx-framework\src\pmc_common\USART\_usartpc.asm
                     loop   0x001caa    program     static                          
                   loop_h   0x001c88    program     static E:\c18v3.46\pic18-lt\cxx-framework\src\traditional\proc\p18f4520.asm
                   loop_l   0x001c92    program     static E:\c18v3.46\pic18-lt\cxx-framework\src\traditional\proc\p18f4520.asm
                     main   0x000d62    program     extern C:\Users\bjon4634\Desktop\25-Oct.X\menu_nav.c
                 on_setup   0x001122    program     extern C:\Users\bjon4634\Desktop\25-Oct.X\menu_nav.c
                     putc   0x0019b6    program     extern E:\c18v3.46\pic18-lt\cxx-framework\src\traditional\stdclib\putc.c
                 rx232Isr   0x0014c0    program     extern C:\Users\bjon4634\Desktop\25-Oct.X\serialcommander.c
                 s_digits   0x001cfa    program     static E:\c18v3.46\pic18-lt\cxx-framework\src\traditional\stdclib\vfprintf.c
            s_put_n_chars   0x000140    program     static E:\c18v3.46\pic18-lt\cxx-framework\src\traditional\stdclib\vfprintf.c
                 sendByte   0x001374    program     extern C:\Users\bjon4634\Desktop\25-Oct.X\serialcommander.c
                sendHello   0x001418    program     extern C:\Users\bjon4634\Desktop\25-Oct.X\serialcommander.c
            sendIRsampleR   0x0013fc    program     extern C:\Users\bjon4634\Desktop\25-Oct.X\serialcommander.c
             sendMaxSpeed   0x0013e0    program     extern C:\Users\bjon4634\Desktop\25-Oct.X\serialcommander.c
               sendMaxYaw   0x0013ee    program     extern C:\Users\bjon4634\Desktop\25-Oct.X\serialcommander.c
                 sendMode   0x00140a    program     extern C:\Users\bjon4634\Desktop\25-Oct.X\serialcommander.c
              sendNewLine   0x00139c    program     extern C:\Users\bjon4634\Desktop\25-Oct.X\serialcommander.c
                  sendNum   0x00138e    program     extern C:\Users\bjon4634\Desktop\25-Oct.X\serialcommander.c
                sendOmega   0x00144a    program     extern C:\Users\bjon4634\Desktop\25-Oct.X\serialcommander.c
                  sendRun   0x001472    program     extern C:\Users\bjon4634\Desktop\25-Oct.X\serialcommander.c
               sendString   0x0013ae    program     extern C:\Users\bjon4634\Desktop\25-Oct.X\serialcommander.c
             sendVelocity   0x001422    program     extern C:\Users\bjon4634\Desktop\25-Oct.X\serialcommander.c
              setupSerial   0x001490    program     extern C:\Users\bjon4634\Desktop\25-Oct.X\serialcommander.c
                  sprintf   0x00186c    program     extern E:\c18v3.46\pic18-lt\cxx-framework\src\traditional\stdclib\sprintf.c
                   strlen   0x001aaa    program     extern E:\c18v3.46\pic18-lt\cxx-framework\src\traditional\stdclib\strlen.asm
                strlenpgm   0x001ac6    program     extern E:\c18v3.46\pic18-lt\cxx-framework\src\traditional\stdclib\slenpgm.asm
           switchChannels   0x001b8a    program     extern C:\Users\bjon4634\Desktop\25-Oct.X\AD.c
                     test   0x001932    program     static                          
                 vfprintf   0x00016c    program     extern E:\c18v3.46\pic18-lt\cxx-framework\src\traditional\stdclib\vfprintf.c
                  welcome   0x0010ae    program     extern C:\Users\bjon4634\Desktop\25-Oct.X\menu_nav.c
               zero_block   0x001c88    program     static E:\c18v3.46\pic18-lt\cxx-framework\src\traditional\proc\p18f4520.asm
                   ADCON0   0x000fc2       data     extern E:\c18v3.46\pic18-lt\cxx-framework\src\traditional\proc\p18f4520.asm
               ADCON0bits   0x000fc2       data     extern E:\c18v3.46\pic18-lt\cxx-framework\src\traditional\proc\p18f4520.asm
                   ADCON1   0x000fc1       data     extern E:\c18v3.46\pic18-lt\cxx-framework\src\traditional\proc\p18f4520.asm
               ADCON1bits   0x000fc1       data     extern E:\c18v3.46\pic18-lt\cxx-framework\src\traditional\proc\p18f4520.asm
                   ADCON2   0x000fc0       data     extern E:\c18v3.46\pic18-lt\cxx-framework\src\traditional\proc\p18f4520.asm
               ADCON2bits   0x000fc0       data     extern E:\c18v3.46\pic18-lt\cxx-framework\src\traditional\proc\p18f4520.asm
                    ADRES   0x000fc3       data     extern E:\c18v3.46\pic18-lt\cxx-framework\src\traditional\proc\p18f4520.asm
                   ADRESH   0x000fc4       data     extern E:\c18v3.46\pic18-lt\cxx-framework\src\traditional\proc\p18f4520.asm
                   ADRESL   0x000fc3       data     extern E:\c18v3.46\pic18-lt\cxx-framework\src\traditional\proc\p18f4520.asm
                  BAUDCON   0x000fb8       data     extern E:\c18v3.46\pic18-lt\cxx-framework\src\traditional\proc\p18f4520.asm
              BAUDCONbits   0x000fb8       data     extern E:\c18v3.46\pic18-lt\cxx-framework\src\traditional\proc\p18f4520.asm
                  BAUDCTL   0x000fb8       data     extern E:\c18v3.46\pic18-lt\cxx-framework\src\traditional\proc\p18f4520.asm
              BAUDCTLbits   0x000fb8       data     extern E:\c18v3.46\pic18-lt\cxx-framework\src\traditional\proc\p18f4520.asm
                      BSR   0x000fe0       data     extern E:\c18v3.46\pic18-lt\cxx-framework\src\traditional\proc\p18f4520.asm
                  CCP1CON   0x000fbd       data     extern E:\c18v3.46\pic18-lt\cxx-framework\src\traditional\proc\p18f4520.asm
              CCP1CONbits   0x000fbd       data     extern E:\c18v3.46\pic18-lt\cxx-framework\src\traditional\proc\p18f4520.asm
                  CCP2CON   0x000fba       data     extern E:\c18v3.46\pic18-lt\cxx-framework\src\traditional\proc\p18f4520.asm
              CCP2CONbits   0x000fba       data     extern E:\c18v3.46\pic18-lt\cxx-framework\src\traditional\proc\p18f4520.asm
                    CCPR1   0x000fbe       data     extern E:\c18v3.46\pic18-lt\cxx-framework\src\traditional\proc\p18f4520.asm
                   CCPR1H   0x000fbf       data     extern E:\c18v3.46\pic18-lt\cxx-framework\src\traditional\proc\p18f4520.asm
                   CCPR1L   0x000fbe       data     extern E:\c18v3.46\pic18-lt\cxx-framework\src\traditional\proc\p18f4520.asm
                    CCPR2   0x000fbb       data     extern E:\c18v3.46\pic18-lt\cxx-framework\src\traditional\proc\p18f4520.asm
                   CCPR2H   0x000fbc       data     extern E:\c18v3.46\pic18-lt\cxx-framework\src\traditional\proc\p18f4520.asm
                   CCPR2L   0x000fbb       data     extern E:\c18v3.46\pic18-lt\cxx-framework\src\traditional\proc\p18f4520.asm
                    CMCON   0x000fb4       data     extern E:\c18v3.46\pic18-lt\cxx-framework\src\traditional\proc\p18f4520.asm
                CMCONbits   0x000fb4       data     extern E:\c18v3.46\pic18-lt\cxx-framework\src\traditional\proc\p18f4520.asm
                   CVRCON   0x000fb5       data     extern E:\c18v3.46\pic18-lt\cxx-framework\src\traditional\proc\p18f4520.asm
               CVRCONbits   0x000fb5       data     extern E:\c18v3.46\pic18-lt\cxx-framework\src\traditional\proc\p18f4520.asm
                     DDRA   0x000f92       data     extern E:\c18v3.46\pic18-lt\cxx-framework\src\traditional\proc\p18f4520.asm
                 DDRAbits   0x000f92       data     extern E:\c18v3.46\pic18-lt\cxx-framework\src\traditional\proc\p18f4520.asm
                     DDRB   0x000f93       data     extern E:\c18v3.46\pic18-lt\cxx-framework\src\traditional\proc\p18f4520.asm
                 DDRBbits   0x000f93       data     extern E:\c18v3.46\pic18-lt\cxx-framework\src\traditional\proc\p18f4520.asm
                     DDRC   0x000f94       data     extern E:\c18v3.46\pic18-lt\cxx-framework\src\traditional\proc\p18f4520.asm
                 DDRCbits   0x000f94       data     extern E:\c18v3.46\pic18-lt\cxx-framework\src\traditional\proc\p18f4520.asm
                     DDRD   0x000f95       data     extern E:\c18v3.46\pic18-lt\cxx-framework\src\traditional\proc\p18f4520.asm
                 DDRDbits   0x000f95       data     extern E:\c18v3.46\pic18-lt\cxx-framework\src\traditional\proc\p18f4520.asm
                     DDRE   0x000f96       data     extern E:\c18v3.46\pic18-lt\cxx-framework\src\traditional\proc\p18f4520.asm
                 DDREbits   0x000f96       data     extern E:\c18v3.46\pic18-lt\cxx-framework\src\traditional\proc\p18f4520.asm
            DelayCounter1   0x00001c       data     extern E:\c18v3.46\pic18-lt\cxx-framework\src\traditional\delays\delayd1.asm
            DelayCounter2   0x00001b       data     extern E:\c18v3.46\pic18-lt\cxx-framework\src\traditional\delays\delayd2.asm
                  ECCP1AS   0x000fb6       data     extern E:\c18v3.46\pic18-lt\cxx-framework\src\traditional\proc\p18f4520.asm
              ECCP1ASbits   0x000fb6       data     extern E:\c18v3.46\pic18-lt\cxx-framework\src\traditional\proc\p18f4520.asm
                 ECCP1DEL   0x000fb7       data     extern E:\c18v3.46\pic18-lt\cxx-framework\src\traditional\proc\p18f4520.asm
             ECCP1DELbits   0x000fb7       data     extern E:\c18v3.46\pic18-lt\cxx-framework\src\traditional\proc\p18f4520.asm
                   ECCPAS   0x000fb6       data     extern E:\c18v3.46\pic18-lt\cxx-framework\src\traditional\proc\p18f4520.asm
               ECCPASbits   0x000fb6       data     extern E:\c18v3.46\pic18-lt\cxx-framework\src\traditional\proc\p18f4520.asm
                    EEADR   0x000fa9       data     extern E:\c18v3.46\pic18-lt\cxx-framework\src\traditional\proc\p18f4520.asm
                   EECON1   0x000fa6       data     extern E:\c18v3.46\pic18-lt\cxx-framework\src\traditional\proc\p18f4520.asm
               EECON1bits   0x000fa6       data     extern E:\c18v3.46\pic18-lt\cxx-framework\src\traditional\proc\p18f4520.asm
                   EECON2   0x000fa7       data     extern E:\c18v3.46\pic18-lt\cxx-framework\src\traditional\proc\p18f4520.asm
                   EEDATA   0x000fa8       data     extern E:\c18v3.46\pic18-lt\cxx-framework\src\traditional\proc\p18f4520.asm
                     FSR0   0x000fe9       data     extern E:\c18v3.46\pic18-lt\cxx-framework\src\traditional\proc\p18f4520.asm
                    FSR0H   0x000fea       data     extern E:\c18v3.46\pic18-lt\cxx-framework\src\traditional\proc\p18f4520.asm
                    FSR0L   0x000fe9       data     extern E:\c18v3.46\pic18-lt\cxx-framework\src\traditional\proc\p18f4520.asm
                     FSR1   0x000fe1       data     extern E:\c18v3.46\pic18-lt\cxx-framework\src\traditional\proc\p18f4520.asm
                    FSR1H   0x000fe2       data     extern E:\c18v3.46\pic18-lt\cxx-framework\src\traditional\proc\p18f4520.asm
                    FSR1L   0x000fe1       data     extern E:\c18v3.46\pic18-lt\cxx-framework\src\traditional\proc\p18f4520.asm
                     FSR2   0x000fd9       data     extern E:\c18v3.46\pic18-lt\cxx-framework\src\traditional\proc\p18f4520.asm
                    FSR2H   0x000fda       data     extern E:\c18v3.46\pic18-lt\cxx-framework\src\traditional\proc\p18f4520.asm
                    FSR2L   0x000fd9       data     extern E:\c18v3.46\pic18-lt\cxx-framework\src\traditional\proc\p18f4520.asm
      GLOBAL_FAIL_COUNTER   0x0001e6       data     extern C:\Users\bjon4634\Desktop\25-Oct.X\GlobalVariblesCommander.c
             GLOBAL_IRRAW   0x0001ea       data     extern C:\Users\bjon4634\Desktop\25-Oct.X\GlobalVariblesCommander.c
         GLOBAL_IRsampleE   0x0001e4       data     extern C:\Users\bjon4634\Desktop\25-Oct.X\GlobalVariblesCommander.c
         GLOBAL_IRsampleR   0x0001e5       data     extern C:\Users\bjon4634\Desktop\25-Oct.X\GlobalVariblesCommander.c
         GLOBAL_MAX_SPEED   0x0001e2       data     extern C:\Users\bjon4634\Desktop\25-Oct.X\GlobalVariblesCommander.c
           GLOBAL_MAX_YAW   0x0001e3       data     extern C:\Users\bjon4634\Desktop\25-Oct.X\GlobalVariblesCommander.c
              GLOBAL_MODE   0x0001e0       data     extern C:\Users\bjon4634\Desktop\25-Oct.X\GlobalVariblesCommander.c
             GLOBAL_OMEGA   0x0001e8       data     extern C:\Users\bjon4634\Desktop\25-Oct.X\GlobalVariblesCommander.c
          GLOBAL_PID_GAIN   0x0001e1       data     extern C:\Users\bjon4634\Desktop\25-Oct.X\GlobalVariblesCommander.c
               GLOBAL_RUN   0x0001e9       data     extern C:\Users\bjon4634\Desktop\25-Oct.X\GlobalVariblesCommander.c
          GLOBAL_RXBUFFER   0x0001ae       data     extern C:\Users\bjon4634\Desktop\25-Oct.X\GlobalVariblesCommander.c
          GLOBAL_VELOCITY   0x0001e7       data     extern C:\Users\bjon4634\Desktop\25-Oct.X\GlobalVariblesCommander.c
                  HLVDCON   0x000fd2       data     extern E:\c18v3.46\pic18-lt\cxx-framework\src\traditional\proc\p18f4520.asm
              HLVDCONbits   0x000fd2       data     extern E:\c18v3.46\pic18-lt\cxx-framework\src\traditional\proc\p18f4520.asm
                    INDF0   0x000fef       data     extern E:\c18v3.46\pic18-lt\cxx-framework\src\traditional\proc\p18f4520.asm
                    INDF1   0x000fe7       data     extern E:\c18v3.46\pic18-lt\cxx-framework\src\traditional\proc\p18f4520.asm
                    INDF2   0x000fdf       data     extern E:\c18v3.46\pic18-lt\cxx-framework\src\traditional\proc\p18f4520.asm
                   INTCON   0x000ff2       data     extern E:\c18v3.46\pic18-lt\cxx-framework\src\traditional\proc\p18f4520.asm
                  INTCON2   0x000ff1       data     extern E:\c18v3.46\pic18-lt\cxx-framework\src\traditional\proc\p18f4520.asm
              INTCON2bits   0x000ff1       data     extern E:\c18v3.46\pic18-lt\cxx-framework\src\traditional\proc\p18f4520.asm
                  INTCON3   0x000ff0       data     extern E:\c18v3.46\pic18-lt\cxx-framework\src\traditional\proc\p18f4520.asm
              INTCON3bits   0x000ff0       data     extern E:\c18v3.46\pic18-lt\cxx-framework\src\traditional\proc\p18f4520.asm
               INTCONbits   0x000ff2       data     extern E:\c18v3.46\pic18-lt\cxx-framework\src\traditional\proc\p18f4520.asm
                     IPR1   0x000f9f       data     extern E:\c18v3.46\pic18-lt\cxx-framework\src\traditional\proc\p18f4520.asm
                 IPR1bits   0x000f9f       data     extern E:\c18v3.46\pic18-lt\cxx-framework\src\traditional\proc\p18f4520.asm
                     IPR2   0x000fa2       data     extern E:\c18v3.46\pic18-lt\cxx-framework\src\traditional\proc\p18f4520.asm
                 IPR2bits   0x000fa2       data     extern E:\c18v3.46\pic18-lt\cxx-framework\src\traditional\proc\p18f4520.asm
                     LATA   0x000f89       data     extern E:\c18v3.46\pic18-lt\cxx-framework\src\traditional\proc\p18f4520.asm
                 LATAbits   0x000f89       data     extern E:\c18v3.46\pic18-lt\cxx-framework\src\traditional\proc\p18f4520.asm
                     LATB   0x000f8a       data     extern E:\c18v3.46\pic18-lt\cxx-framework\src\traditional\proc\p18f4520.asm
                 LATBbits   0x000f8a       data     extern E:\c18v3.46\pic18-lt\cxx-framework\src\traditional\proc\p18f4520.asm
                     LATC   0x000f8b       data     extern E:\c18v3.46\pic18-lt\cxx-framework\src\traditional\proc\p18f4520.asm
                 LATCbits   0x000f8b       data     extern E:\c18v3.46\pic18-lt\cxx-framework\src\traditional\proc\p18f4520.asm
                     LATD   0x000f8c       data     extern E:\c18v3.46\pic18-lt\cxx-framework\src\traditional\proc\p18f4520.asm
                 LATDbits   0x000f8c       data     extern E:\c18v3.46\pic18-lt\cxx-framework\src\traditional\proc\p18f4520.asm
                     LATE   0x000f8d       data     extern E:\c18v3.46\pic18-lt\cxx-framework\src\traditional\proc\p18f4520.asm
                 LATEbits   0x000f8d       data     extern E:\c18v3.46\pic18-lt\cxx-framework\src\traditional\proc\p18f4520.asm
                   LVDCON   0x000fd2       data     extern E:\c18v3.46\pic18-lt\cxx-framework\src\traditional\proc\p18f4520.asm
               LVDCONbits   0x000fd2       data     extern E:\c18v3.46\pic18-lt\cxx-framework\src\traditional\proc\p18f4520.asm
                     MNML   0x000188       data     extern C:\Users\bjon4634\Desktop\25-Oct.X\menu_nav.c
                   OSCCON   0x000fd3       data     extern E:\c18v3.46\pic18-lt\cxx-framework\src\traditional\proc\p18f4520.asm
               OSCCONbits   0x000fd3       data     extern E:\c18v3.46\pic18-lt\cxx-framework\src\traditional\proc\p18f4520.asm
                  OSCTUNE   0x000f9b       data     extern E:\c18v3.46\pic18-lt\cxx-framework\src\traditional\proc\p18f4520.asm
              OSCTUNEbits   0x000f9b       data     extern E:\c18v3.46\pic18-lt\cxx-framework\src\traditional\proc\p18f4520.asm
                       PC   0x000ff9       data     extern E:\c18v3.46\pic18-lt\cxx-framework\src\traditional\proc\p18f4520.asm
                      PCL   0x000ff9       data     extern E:\c18v3.46\pic18-lt\cxx-framework\src\traditional\proc\p18f4520.asm
                   PCLATH   0x000ffa       data     extern E:\c18v3.46\pic18-lt\cxx-framework\src\traditional\proc\p18f4520.asm
                   PCLATU   0x000ffb       data     extern E:\c18v3.46\pic18-lt\cxx-framework\src\traditional\proc\p18f4520.asm
                     PIE1   0x000f9d       data     extern E:\c18v3.46\pic18-lt\cxx-framework\src\traditional\proc\p18f4520.asm
                 PIE1bits   0x000f9d       data     extern E:\c18v3.46\pic18-lt\cxx-framework\src\traditional\proc\p18f4520.asm
                     PIE2   0x000fa0       data     extern E:\c18v3.46\pic18-lt\cxx-framework\src\traditional\proc\p18f4520.asm
                 PIE2bits   0x000fa0       data     extern E:\c18v3.46\pic18-lt\cxx-framework\src\traditional\proc\p18f4520.asm
                     PIR1   0x000f9e       data     extern E:\c18v3.46\pic18-lt\cxx-framework\src\traditional\proc\p18f4520.asm
                 PIR1bits   0x000f9e       data     extern E:\c18v3.46\pic18-lt\cxx-framework\src\traditional\proc\p18f4520.asm
                     PIR2   0x000fa1       data     extern E:\c18v3.46\pic18-lt\cxx-framework\src\traditional\proc\p18f4520.asm
                 PIR2bits   0x000fa1       data     extern E:\c18v3.46\pic18-lt\cxx-framework\src\traditional\proc\p18f4520.asm
                   PLUSW0   0x000feb       data     extern E:\c18v3.46\pic18-lt\cxx-framework\src\traditional\proc\p18f4520.asm
                   PLUSW1   0x000fe3       data     extern E:\c18v3.46\pic18-lt\cxx-framework\src\traditional\proc\p18f4520.asm
                   PLUSW2   0x000fdb       data     extern E:\c18v3.46\pic18-lt\cxx-framework\src\traditional\proc\p18f4520.asm
                    PORTA   0x000f80       data     extern E:\c18v3.46\pic18-lt\cxx-framework\src\traditional\proc\p18f4520.asm
                PORTAbits   0x000f80       data     extern E:\c18v3.46\pic18-lt\cxx-framework\src\traditional\proc\p18f4520.asm
                    PORTB   0x000f81       data     extern E:\c18v3.46\pic18-lt\cxx-framework\src\traditional\proc\p18f4520.asm
                PORTBbits   0x000f81       data     extern E:\c18v3.46\pic18-lt\cxx-framework\src\traditional\proc\p18f4520.asm
                    PORTC   0x000f82       data     extern E:\c18v3.46\pic18-lt\cxx-framework\src\traditional\proc\p18f4520.asm
                PORTCbits   0x000f82       data     extern E:\c18v3.46\pic18-lt\cxx-framework\src\traditional\proc\p18f4520.asm
                    PORTD   0x000f83       data     extern E:\c18v3.46\pic18-lt\cxx-framework\src\traditional\proc\p18f4520.asm
                PORTDbits   0x000f83       data     extern E:\c18v3.46\pic18-lt\cxx-framework\src\traditional\proc\p18f4520.asm
                    PORTE   0x000f84       data     extern E:\c18v3.46\pic18-lt\cxx-framework\src\traditional\proc\p18f4520.asm
                PORTEbits   0x000f84       data     extern E:\c18v3.46\pic18-lt\cxx-framework\src\traditional\proc\p18f4520.asm
                 POSTDEC0   0x000fed       data     extern E:\c18v3.46\pic18-lt\cxx-framework\src\traditional\proc\p18f4520.asm
                 POSTDEC1   0x000fe5       data     extern E:\c18v3.46\pic18-lt\cxx-framework\src\traditional\proc\p18f4520.asm
                 POSTDEC2   0x000fdd       data     extern E:\c18v3.46\pic18-lt\cxx-framework\src\traditional\proc\p18f4520.asm
                 POSTINC0   0x000fee       data     extern E:\c18v3.46\pic18-lt\cxx-framework\src\traditional\proc\p18f4520.asm
                 POSTINC1   0x000fe6       data     extern E:\c18v3.46\pic18-lt\cxx-framework\src\traditional\proc\p18f4520.asm
                 POSTINC2   0x000fde       data     extern E:\c18v3.46\pic18-lt\cxx-framework\src\traditional\proc\p18f4520.asm
                      PR2   0x000fcb       data     extern E:\c18v3.46\pic18-lt\cxx-framework\src\traditional\proc\p18f4520.asm
                  PREINC0   0x000fec       data     extern E:\c18v3.46\pic18-lt\cxx-framework\src\traditional\proc\p18f4520.asm
                  PREINC1   0x000fe4       data     extern E:\c18v3.46\pic18-lt\cxx-framework\src\traditional\proc\p18f4520.asm
                  PREINC2   0x000fdc       data     extern E:\c18v3.46\pic18-lt\cxx-framework\src\traditional\proc\p18f4520.asm
                     PROD   0x000ff3       data     extern E:\c18v3.46\pic18-lt\cxx-framework\src\traditional\proc\p18f4520.asm
                    PRODH   0x000ff4       data     extern E:\c18v3.46\pic18-lt\cxx-framework\src\traditional\proc\p18f4520.asm
                    PRODL   0x000ff3       data     extern E:\c18v3.46\pic18-lt\cxx-framework\src\traditional\proc\p18f4520.asm
                  PWM1CON   0x000fb7       data     extern E:\c18v3.46\pic18-lt\cxx-framework\src\traditional\proc\p18f4520.asm
              PWM1CONbits   0x000fb7       data     extern E:\c18v3.46\pic18-lt\cxx-framework\src\traditional\proc\p18f4520.asm
                     RCON   0x000fd0       data     extern E:\c18v3.46\pic18-lt\cxx-framework\src\traditional\proc\p18f4520.asm
                 RCONbits   0x000fd0       data     extern E:\c18v3.46\pic18-lt\cxx-framework\src\traditional\proc\p18f4520.asm
                    RCREG   0x000fae       data     extern E:\c18v3.46\pic18-lt\cxx-framework\src\traditional\proc\p18f4520.asm
                    RCSTA   0x000fab       data     extern E:\c18v3.46\pic18-lt\cxx-framework\src\traditional\proc\p18f4520.asm
                RCSTAbits   0x000fab       data     extern E:\c18v3.46\pic18-lt\cxx-framework\src\traditional\proc\p18f4520.asm
                      RUN   0x000288       data     extern C:\Users\bjon4634\Desktop\25-Oct.X\menu_nav.c
                     SIGN   0x000000       data     extern E:\c18v3.46\pic18-lt\cxx-framework\src\traditional\math\cmath18.asm
                    SPBRG   0x000faf       data     extern E:\c18v3.46\pic18-lt\cxx-framework\src\traditional\proc\p18f4520.asm
                   SPBRGH   0x000fb0       data     extern E:\c18v3.46\pic18-lt\cxx-framework\src\traditional\proc\p18f4520.asm
                   SSPADD   0x000fc8       data     extern E:\c18v3.46\pic18-lt\cxx-framework\src\traditional\proc\p18f4520.asm
                   SSPBUF   0x000fc9       data     extern E:\c18v3.46\pic18-lt\cxx-framework\src\traditional\proc\p18f4520.asm
                  SSPCON1   0x000fc6       data     extern E:\c18v3.46\pic18-lt\cxx-framework\src\traditional\proc\p18f4520.asm
              SSPCON1bits   0x000fc6       data     extern E:\c18v3.46\pic18-lt\cxx-framework\src\traditional\proc\p18f4520.asm
                  SSPCON2   0x000fc5       data     extern E:\c18v3.46\pic18-lt\cxx-framework\src\traditional\proc\p18f4520.asm
              SSPCON2bits   0x000fc5       data     extern E:\c18v3.46\pic18-lt\cxx-framework\src\traditional\proc\p18f4520.asm
                  SSPSTAT   0x000fc7       data     extern E:\c18v3.46\pic18-lt\cxx-framework\src\traditional\proc\p18f4520.asm
              SSPSTATbits   0x000fc7       data     extern E:\c18v3.46\pic18-lt\cxx-framework\src\traditional\proc\p18f4520.asm
                   STATUS   0x000fd8       data     extern E:\c18v3.46\pic18-lt\cxx-framework\src\traditional\proc\p18f4520.asm
               STATUSbits   0x000fd8       data     extern E:\c18v3.46\pic18-lt\cxx-framework\src\traditional\proc\p18f4520.asm
                   STKPTR   0x000ffc       data     extern E:\c18v3.46\pic18-lt\cxx-framework\src\traditional\proc\p18f4520.asm
               STKPTRbits   0x000ffc       data     extern E:\c18v3.46\pic18-lt\cxx-framework\src\traditional\proc\p18f4520.asm
                    T0CON   0x000fd5       data     extern E:\c18v3.46\pic18-lt\cxx-framework\src\traditional\proc\p18f4520.asm
                T0CONbits   0x000fd5       data     extern E:\c18v3.46\pic18-lt\cxx-framework\src\traditional\proc\p18f4520.asm
                    T1CON   0x000fcd       data     extern E:\c18v3.46\pic18-lt\cxx-framework\src\traditional\proc\p18f4520.asm
                T1CONbits   0x000fcd       data     extern E:\c18v3.46\pic18-lt\cxx-framework\src\traditional\proc\p18f4520.asm
                    T2CON   0x000fca       data     extern E:\c18v3.46\pic18-lt\cxx-framework\src\traditional\proc\p18f4520.asm
                T2CONbits   0x000fca       data     extern E:\c18v3.46\pic18-lt\cxx-framework\src\traditional\proc\p18f4520.asm
                    T3CON   0x000fb1       data     extern E:\c18v3.46\pic18-lt\cxx-framework\src\traditional\proc\p18f4520.asm
                T3CONbits   0x000fb1       data     extern E:\c18v3.46\pic18-lt\cxx-framework\src\traditional\proc\p18f4520.asm
                   TABLAT   0x000ff5       data     extern E:\c18v3.46\pic18-lt\cxx-framework\src\traditional\proc\p18f4520.asm
                   TBLPTR   0x000ff6       data     extern E:\c18v3.46\pic18-lt\cxx-framework\src\traditional\proc\p18f4520.asm
                  TBLPTRH   0x000ff7       data     extern E:\c18v3.46\pic18-lt\cxx-framework\src\traditional\proc\p18f4520.asm
                  TBLPTRL   0x000ff6       data     extern E:\c18v3.46\pic18-lt\cxx-framework\src\traditional\proc\p18f4520.asm
                  TBLPTRU   0x000ff8       data     extern E:\c18v3.46\pic18-lt\cxx-framework\src\traditional\proc\p18f4520.asm
                    TMR0H   0x000fd7       data     extern E:\c18v3.46\pic18-lt\cxx-framework\src\traditional\proc\p18f4520.asm
                    TMR0L   0x000fd6       data     extern E:\c18v3.46\pic18-lt\cxx-framework\src\traditional\proc\p18f4520.asm
                    TMR1H   0x000fcf       data     extern E:\c18v3.46\pic18-lt\cxx-framework\src\traditional\proc\p18f4520.asm
                    TMR1L   0x000fce       data     extern E:\c18v3.46\pic18-lt\cxx-framework\src\traditional\proc\p18f4520.asm
                     TMR2   0x000fcc       data     extern E:\c18v3.46\pic18-lt\cxx-framework\src\traditional\proc\p18f4520.asm
                    TMR3H   0x000fb3       data     extern E:\c18v3.46\pic18-lt\cxx-framework\src\traditional\proc\p18f4520.asm
                    TMR3L   0x000fb2       data     extern E:\c18v3.46\pic18-lt\cxx-framework\src\traditional\proc\p18f4520.asm
                      TOS   0x000ffd       data     extern E:\c18v3.46\pic18-lt\cxx-framework\src\traditional\proc\p18f4520.asm
                     TOSH   0x000ffe       data     extern E:\c18v3.46\pic18-lt\cxx-framework\src\traditional\proc\p18f4520.asm
                     TOSL   0x000ffd       data     extern E:\c18v3.46\pic18-lt\cxx-framework\src\traditional\proc\p18f4520.asm
                     TOSU   0x000fff       data     extern E:\c18v3.46\pic18-lt\cxx-framework\src\traditional\proc\p18f4520.asm
                    TRISA   0x000f92       data     extern E:\c18v3.46\pic18-lt\cxx-framework\src\traditional\proc\p18f4520.asm
                TRISAbits   0x000f92       data     extern E:\c18v3.46\pic18-lt\cxx-framework\src\traditional\proc\p18f4520.asm
                    TRISB   0x000f93       data     extern E:\c18v3.46\pic18-lt\cxx-framework\src\traditional\proc\p18f4520.asm
                TRISBbits   0x000f93       data     extern E:\c18v3.46\pic18-lt\cxx-framework\src\traditional\proc\p18f4520.asm
                    TRISC   0x000f94       data     extern E:\c18v3.46\pic18-lt\cxx-framework\src\traditional\proc\p18f4520.asm
                TRISCbits   0x000f94       data     extern E:\c18v3.46\pic18-lt\cxx-framework\src\traditional\proc\p18f4520.asm
                    TRISD   0x000f95       data     extern E:\c18v3.46\pic18-lt\cxx-framework\src\traditional\proc\p18f4520.asm
                TRISDbits   0x000f95       data     extern E:\c18v3.46\pic18-lt\cxx-framework\src\traditional\proc\p18f4520.asm
                    TRISE   0x000f96       data     extern E:\c18v3.46\pic18-lt\cxx-framework\src\traditional\proc\p18f4520.asm
                TRISEbits   0x000f96       data     extern E:\c18v3.46\pic18-lt\cxx-framework\src\traditional\proc\p18f4520.asm
                    TXREG   0x000fad       data     extern E:\c18v3.46\pic18-lt\cxx-framework\src\traditional\proc\p18f4520.asm
                    TXSTA   0x000fac       data     extern E:\c18v3.46\pic18-lt\cxx-framework\src\traditional\proc\p18f4520.asm
                TXSTAbits   0x000fac       data     extern E:\c18v3.46\pic18-lt\cxx-framework\src\traditional\proc\p18f4520.asm
                        W   0x000fe8       data     extern E:\c18v3.46\pic18-lt\cxx-framework\src\traditional\proc\p18f4520.asm
                   WDTCON   0x000fd1       data     extern E:\c18v3.46\pic18-lt\cxx-framework\src\traditional\proc\p18f4520.asm
               WDTCONbits   0x000fd1       data     extern E:\c18v3.46\pic18-lt\cxx-framework\src\traditional\proc\p18f4520.asm
                     WREG   0x000fe8       data     extern E:\c18v3.46\pic18-lt\cxx-framework\src\traditional\proc\p18f4520.asm
                 __AARGB0   0x000009       data     extern E:\c18v3.46\pic18-lt\cxx-framework\src\traditional\math\aarg.asm
                 __AARGB1   0x000008       data     extern E:\c18v3.46\pic18-lt\cxx-framework\src\traditional\math\aarg.asm
                 __AARGB2   0x000007       data     extern E:\c18v3.46\pic18-lt\cxx-framework\src\traditional\math\aarg.asm
                 __AARGB3   0x000006       data     extern E:\c18v3.46\pic18-lt\cxx-framework\src\traditional\math\aarg.asm
                 __AARGB4   0x000005       data     extern E:\c18v3.46\pic18-lt\cxx-framework\src\traditional\math\aarg.asm
                 __AARGB5   0x000004       data     extern E:\c18v3.46\pic18-lt\cxx-framework\src\traditional\math\aarg.asm
                 __AARGB6   0x000003       data     extern E:\c18v3.46\pic18-lt\cxx-framework\src\traditional\math\aarg.asm
                 __AARGB7   0x000002       data     extern E:\c18v3.46\pic18-lt\cxx-framework\src\traditional\math\aarg.asm
                   __AEXP   0x00000a       data     extern E:\c18v3.46\pic18-lt\cxx-framework\src\traditional\math\aarg.asm
                 __BARGB0   0x00000e       data     extern E:\c18v3.46\pic18-lt\cxx-framework\src\traditional\math\barg.asm
                 __BARGB1   0x00000d       data     extern E:\c18v3.46\pic18-lt\cxx-framework\src\traditional\math\barg.asm
                 __BARGB2   0x00000c       data     extern E:\c18v3.46\pic18-lt\cxx-framework\src\traditional\math\barg.asm
                 __BARGB3   0x00000b       data     extern E:\c18v3.46\pic18-lt\cxx-framework\src\traditional\math\barg.asm
                   __BEXP   0x00000f       data     extern E:\c18v3.46\pic18-lt\cxx-framework\src\traditional\math\barg.asm
                __FPFLAGS   0x000001       data     extern E:\c18v3.46\pic18-lt\cxx-framework\src\traditional\math\cmath18.asm
            __FPFLAGSbits   0x000001       data     extern E:\c18v3.46\pic18-lt\cxx-framework\src\traditional\math\cmath18.asm
                  __REMB0   0x000005       data     extern E:\c18v3.46\pic18-lt\cxx-framework\src\traditional\math\aarg.asm
                  __REMB1   0x000004       data     extern E:\c18v3.46\pic18-lt\cxx-framework\src\traditional\math\aarg.asm
                  __REMB2   0x000003       data     extern E:\c18v3.46\pic18-lt\cxx-framework\src\traditional\math\aarg.asm
                  __REMB3   0x000002       data     extern E:\c18v3.46\pic18-lt\cxx-framework\src\traditional\math\aarg.asm
                   __TEMP   0x000013       data     extern E:\c18v3.46\pic18-lt\cxx-framework\src\traditional\math\temparg.asm
                 __TEMPB0   0x000013       data     extern E:\c18v3.46\pic18-lt\cxx-framework\src\traditional\math\temparg.asm
                 __TEMPB1   0x000012       data     extern E:\c18v3.46\pic18-lt\cxx-framework\src\traditional\math\temparg.asm
                 __TEMPB2   0x000011       data     extern E:\c18v3.46\pic18-lt\cxx-framework\src\traditional\math\temparg.asm
                 __TEMPB3   0x000010       data     extern E:\c18v3.46\pic18-lt\cxx-framework\src\traditional\math\temparg.asm
                  __tmp_0   0x000014       data     static E:\c18v3.46\pic18-lt\cxx-framework\src\traditional\stdclib\vfprintf.c
                  __tmp_0   0x000014       data     static E:\c18v3.46\pic18-lt\cxx-framework\src\traditional\stdclib\sprintf.c
                  __tmp_0   0x000014       data     static E:\c18v3.46\pic18-lt\cxx-framework\src\traditional\stdclib\putc.c
                  __tmp_0   0x000014       data     static C:\Users\bjon4634\Desktop\25-Oct.X\serialcommander.c
                  __tmp_0   0x000014       data     static C:\Users\bjon4634\Desktop\25-Oct.X\AD.c
                  __tmp_0   0x000014       data     static C:\Users\bjon4634\Desktop\25-Oct.X\lcd.c
                  __tmp_0   0x000014       data     static C:\Users\bjon4634\Desktop\25-Oct.X\menu_nav.c
                curr_byte   0x0001ee       data     static E:\c18v3.46\pic18-lt\cxx-framework\src\traditional\startup\c018i.c
               curr_entry   0x0001f0       data     static E:\c18v3.46\pic18-lt\cxx-framework\src\traditional\startup\c018i.c
                 data_ptr   0x0001f2       data     static E:\c18v3.46\pic18-lt\cxx-framework\src\traditional\startup\c018i.c
                   ir_avg   0x00029a       data     extern C:\Users\bjon4634\Desktop\25-Oct.X\menu_nav.c
                   ir_raw   0x000298       data     extern C:\Users\bjon4634\Desktop\25-Oct.X\menu_nav.c
                ir_samp_e   0x000294       data     extern C:\Users\bjon4634\Desktop\25-Oct.X\menu_nav.c
                ir_samp_r   0x000296       data     extern C:\Users\bjon4634\Desktop\25-Oct.X\menu_nav.c
                    joy_x   0x00028a       data     extern C:\Users\bjon4634\Desktop\25-Oct.X\menu_nav.c
                    joy_y   0x00028c       data     extern C:\Users\bjon4634\Desktop\25-Oct.X\menu_nav.c
                max_speed   0x00028e       data     extern C:\Users\bjon4634\Desktop\25-Oct.X\menu_nav.c
                  max_yaw   0x000292       data     extern C:\Users\bjon4634\Desktop\25-Oct.X\menu_nav.c
                     menu   0x0001ac       data     extern C:\Users\bjon4634\Desktop\25-Oct.X\menu_nav.c
               menu_ref_1   0x0002ac       data     extern C:\Users\bjon4634\Desktop\25-Oct.X\menu_nav.c
               menu_ref_2   0x0002ae       data     extern C:\Users\bjon4634\Desktop\25-Oct.X\menu_nav.c
                menutitle   0x00018e       data     extern C:\Users\bjon4634\Desktop\25-Oct.X\menu_nav.c
              mode_button   0x00018a       data     extern C:\Users\bjon4634\Desktop\25-Oct.X\menu_nav.c
             motor_button   0x00018c       data     extern C:\Users\bjon4634\Desktop\25-Oct.X\menu_nav.c
                 pid_gain   0x000290       data     extern C:\Users\bjon4634\Desktop\25-Oct.X\menu_nav.c
                     prom   0x0001eb       data     static E:\c18v3.46\pic18-lt\cxx-framework\src\traditional\startup\c018i.c
                    rxptr   0x0001f5       data     extern C:\Users\bjon4634\Desktop\25-Oct.X\serialcommander.c
                       s0   0x000111       data     extern C:\Users\bjon4634\Desktop\25-Oct.X\phrases.h
                       s1   0x000122       data     extern C:\Users\bjon4634\Desktop\25-Oct.X\phrases.h
                       s2   0x000133       data     extern C:\Users\bjon4634\Desktop\25-Oct.X\phrases.h
                       s3   0x000144       data     extern C:\Users\bjon4634\Desktop\25-Oct.X\phrases.h
                       s4   0x000155       data     extern C:\Users\bjon4634\Desktop\25-Oct.X\phrases.h
                       s5   0x000166       data     extern C:\Users\bjon4634\Desktop\25-Oct.X\phrases.h
                       s6   0x000177       data     extern C:\Users\bjon4634\Desktop\25-Oct.X\phrases.h
                stringtab   0x00019e       data     extern C:\Users\bjon4634\Desktop\25-Oct.X\menu_nav.c
                       t0   0x000200       data     extern C:\Users\bjon4634\Desktop\25-Oct.X\phrases.h
                       t1   0x000211       data     extern C:\Users\bjon4634\Desktop\25-Oct.X\phrases.h
                       t2   0x000222       data     extern C:\Users\bjon4634\Desktop\25-Oct.X\phrases.h
                       t3   0x000233       data     extern C:\Users\bjon4634\Desktop\25-Oct.X\phrases.h
                       t4   0x000244       data     extern C:\Users\bjon4634\Desktop\25-Oct.X\phrases.h
                       t5   0x000255       data     extern C:\Users\bjon4634\Desktop\25-Oct.X\phrases.h
                       t6   0x000266       data     extern C:\Users\bjon4634\Desktop\25-Oct.X\phrases.h
             valueStrings   0x000196       data     extern C:\Users\bjon4634\Desktop\25-Oct.X\menu_nav.c
                   values   0x00029c       data     extern C:\Users\bjon4634\Desktop\25-Oct.X\menu_nav.c
                       w0   0x000277       data     extern C:\Users\bjon4634\Desktop\25-Oct.X\phrases.h
                       w1   0x000100       data     extern C:\Users\bjon4634\Desktop\25-Oct.X\phrases.h



                              Symbols - Sorted by Address
                     Name    Address   Location    Storage File                     
                ---------  ---------  ---------  --------- ---------                
                   _entry   0x000000    program     extern E:\c18v3.46\pic18-lt\cxx-framework\src\traditional\startup\c018i.c
       ___return_lbl00000   0x000004    program     static                          
               _user_putc   0x000006    program     extern E:\c18v3.46\pic18-lt\cxx-framework\src\traditional\stdclib\_user_putc.c
        HIGH_PRIORITY_ISR   0x000008    program     extern C:\Users\bjon4634\Desktop\25-Oct.X\Interrupt_defination_Commander.c
       ___return_lbl00000   0x00000c    program     static                          
                   __init   0x00000e    program     extern E:\c18v3.46\pic18-lt\cxx-framework\src\traditional\stdclib\__init.c
         LOW_PRIORITY_ISR   0x000018    program     extern C:\Users\bjon4634\Desktop\25-Oct.X\Interrupt_defination_Commander.c
       ___return_lbl00001   0x00001c    program     static                          
  HIGH_PRIORITY_INTERRUPT   0x00001e    program     extern C:\Users\bjon4634\Desktop\25-Oct.X\Interrupt_defination_Commander.c
   LOW_PRIORITY_INTERRUPT   0x00006e    program     extern C:\Users\bjon4634\Desktop\25-Oct.X\Interrupt_defination_Commander.c
                   __pa_0   0x0000be    program     static C:\Users\bjon4634\Desktop\25-Oct.X\Interrupt_defination_Commander.c
                   __pa_1   0x0000e8    program     static C:\Users\bjon4634\Desktop\25-Oct.X\Interrupt_defination_Commander.c
            s_put_n_chars   0x000140    program     static E:\c18v3.46\pic18-lt\cxx-framework\src\traditional\stdclib\vfprintf.c
                 vfprintf   0x00016c    program     extern E:\c18v3.46\pic18-lt\cxx-framework\src\traditional\stdclib\vfprintf.c
              __tmplbl_85   0x000196    program     static                          
              __tmplbl_44   0x000a44    program     static                          
              __tmplbl_43   0x000a5e    program     static                          
                   __pa_0   0x000a80    program     static E:\c18v3.46\pic18-lt\cxx-framework\src\traditional\stdclib\vfprintf.c
                   __pa_1   0x000a88    program     static E:\c18v3.46\pic18-lt\cxx-framework\src\traditional\stdclib\vfprintf.c
                   __pa_2   0x000a92    program     static E:\c18v3.46\pic18-lt\cxx-framework\src\traditional\stdclib\vfprintf.c
                   __pa_3   0x000a9c    program     static E:\c18v3.46\pic18-lt\cxx-framework\src\traditional\stdclib\vfprintf.c
                   __pa_4   0x000ab4    program     static E:\c18v3.46\pic18-lt\cxx-framework\src\traditional\stdclib\vfprintf.c
                   __pa_5   0x000ac8    program     static E:\c18v3.46\pic18-lt\cxx-framework\src\traditional\stdclib\vfprintf.c
                   __pa_6   0x000ae4    program     static E:\c18v3.46\pic18-lt\cxx-framework\src\traditional\stdclib\vfprintf.c
                   __pa_7   0x000aee    program     static E:\c18v3.46\pic18-lt\cxx-framework\src\traditional\stdclib\vfprintf.c
                   __pa_8   0x000afa    program     static E:\c18v3.46\pic18-lt\cxx-framework\src\traditional\stdclib\vfprintf.c
                   __pa_9   0x000b1c    program     static E:\c18v3.46\pic18-lt\cxx-framework\src\traditional\stdclib\vfprintf.c
                  __pa_10   0x000b3c    program     static E:\c18v3.46\pic18-lt\cxx-framework\src\traditional\stdclib\vfprintf.c
                  __pa_11   0x000b4a    program     static E:\c18v3.46\pic18-lt\cxx-framework\src\traditional\stdclib\vfprintf.c
                  __pa_12   0x000b60    program     static E:\c18v3.46\pic18-lt\cxx-framework\src\traditional\stdclib\vfprintf.c
                  __pa_13   0x000b7a    program     static E:\c18v3.46\pic18-lt\cxx-framework\src\traditional\stdclib\vfprintf.c
                  __pa_14   0x000b92    program     static E:\c18v3.46\pic18-lt\cxx-framework\src\traditional\stdclib\vfprintf.c
                  __pa_15   0x000ba2    program     static E:\c18v3.46\pic18-lt\cxx-framework\src\traditional\stdclib\vfprintf.c
                  __pa_16   0x000bb8    program     static E:\c18v3.46\pic18-lt\cxx-framework\src\traditional\stdclib\vfprintf.c
                  __pa_17   0x000bca    program     static E:\c18v3.46\pic18-lt\cxx-framework\src\traditional\stdclib\vfprintf.c
                  __pa_18   0x000bdc    program     static E:\c18v3.46\pic18-lt\cxx-framework\src\traditional\stdclib\vfprintf.c
                  __pa_19   0x000be6    program     static E:\c18v3.46\pic18-lt\cxx-framework\src\traditional\stdclib\vfprintf.c
                  __pa_20   0x000bf6    program     static E:\c18v3.46\pic18-lt\cxx-framework\src\traditional\stdclib\vfprintf.c
                  __pa_21   0x000c06    program     static E:\c18v3.46\pic18-lt\cxx-framework\src\traditional\stdclib\vfprintf.c
              __tmplbl_42   0x000c16    program     static                          
                  __pa_22   0x000c16    program     static E:\c18v3.46\pic18-lt\cxx-framework\src\traditional\stdclib\vfprintf.c
                  __pa_23   0x000c22    program     static E:\c18v3.46\pic18-lt\cxx-framework\src\traditional\stdclib\vfprintf.c
                  __pa_24   0x000c30    program     static E:\c18v3.46\pic18-lt\cxx-framework\src\traditional\stdclib\vfprintf.c
                  __pa_25   0x000c38    program     static E:\c18v3.46\pic18-lt\cxx-framework\src\traditional\stdclib\vfprintf.c
                  __pa_26   0x000c42    program     static E:\c18v3.46\pic18-lt\cxx-framework\src\traditional\stdclib\vfprintf.c
                  __pa_27   0x000c4c    program     static E:\c18v3.46\pic18-lt\cxx-framework\src\traditional\stdclib\vfprintf.c
                  __pa_28   0x000c54    program     static E:\c18v3.46\pic18-lt\cxx-framework\src\traditional\stdclib\vfprintf.c
                  __pa_29   0x000c62    program     static E:\c18v3.46\pic18-lt\cxx-framework\src\traditional\stdclib\vfprintf.c
                  __pa_30   0x000c7e    program     static E:\c18v3.46\pic18-lt\cxx-framework\src\traditional\stdclib\vfprintf.c
                  __pa_31   0x000c98    program     static E:\c18v3.46\pic18-lt\cxx-framework\src\traditional\stdclib\vfprintf.c
                  __pa_32   0x000cb2    program     static E:\c18v3.46\pic18-lt\cxx-framework\src\traditional\stdclib\vfprintf.c
                  __pa_33   0x000cca    program     static E:\c18v3.46\pic18-lt\cxx-framework\src\traditional\stdclib\vfprintf.c
                  __pa_34   0x000cd4    program     static E:\c18v3.46\pic18-lt\cxx-framework\src\traditional\stdclib\vfprintf.c
                  __pa_35   0x000ce2    program     static E:\c18v3.46\pic18-lt\cxx-framework\src\traditional\stdclib\vfprintf.c
                  __pa_36   0x000cea    program     static E:\c18v3.46\pic18-lt\cxx-framework\src\traditional\stdclib\vfprintf.c
                  __pa_37   0x000cf4    program     static E:\c18v3.46\pic18-lt\cxx-framework\src\traditional\stdclib\vfprintf.c
                  __pa_38   0x000d04    program     static E:\c18v3.46\pic18-lt\cxx-framework\src\traditional\stdclib\vfprintf.c
                  __pa_39   0x000d12    program     static E:\c18v3.46\pic18-lt\cxx-framework\src\traditional\stdclib\vfprintf.c
                  __pa_40   0x000d1e    program     static E:\c18v3.46\pic18-lt\cxx-framework\src\traditional\stdclib\vfprintf.c
                  __pa_41   0x000d2a    program     static E:\c18v3.46\pic18-lt\cxx-framework\src\traditional\stdclib\vfprintf.c
                  __pa_42   0x000d32    program     static E:\c18v3.46\pic18-lt\cxx-framework\src\traditional\stdclib\vfprintf.c
                  __pa_43   0x000d3c    program     static E:\c18v3.46\pic18-lt\cxx-framework\src\traditional\stdclib\vfprintf.c
                  __pa_44   0x000d42    program     static E:\c18v3.46\pic18-lt\cxx-framework\src\traditional\stdclib\vfprintf.c
                  __pa_45   0x000d4c    program     static E:\c18v3.46\pic18-lt\cxx-framework\src\traditional\stdclib\vfprintf.c
                  __pa_46   0x000d58    program     static E:\c18v3.46\pic18-lt\cxx-framework\src\traditional\stdclib\vfprintf.c
                     main   0x000d62    program     extern C:\Users\bjon4634\Desktop\25-Oct.X\menu_nav.c
             Button_Setup   0x001044    program     extern C:\Users\bjon4634\Desktop\25-Oct.X\menu_nav.c
                 LCD_disp   0x00104a    program     extern C:\Users\bjon4634\Desktop\25-Oct.X\menu_nav.c
                  welcome   0x0010ae    program     extern C:\Users\bjon4634\Desktop\25-Oct.X\menu_nav.c
                   delays   0x0010cc    program     extern C:\Users\bjon4634\Desktop\25-Oct.X\menu_nav.c
                  delayms   0x00110a    program     extern C:\Users\bjon4634\Desktop\25-Oct.X\menu_nav.c
                delay10us   0x001116    program     extern C:\Users\bjon4634\Desktop\25-Oct.X\menu_nav.c
                 on_setup   0x001122    program     extern C:\Users\bjon4634\Desktop\25-Oct.X\menu_nav.c
                checkMode   0x00114a    program     extern C:\Users\bjon4634\Desktop\25-Oct.X\menu_nav.c
                   __pa_0   0x0011a2    program     static C:\Users\bjon4634\Desktop\25-Oct.X\menu_nav.c
                   __pa_1   0x0011ae    program     static C:\Users\bjon4634\Desktop\25-Oct.X\menu_nav.c
                   __pa_2   0x0011c6    program     static C:\Users\bjon4634\Desktop\25-Oct.X\menu_nav.c
                   __pa_3   0x0011de    program     static C:\Users\bjon4634\Desktop\25-Oct.X\menu_nav.c
                   __pa_4   0x0011ec    program     static C:\Users\bjon4634\Desktop\25-Oct.X\menu_nav.c
                   __pa_5   0x0011fc    program     static C:\Users\bjon4634\Desktop\25-Oct.X\menu_nav.c
                   __pa_6   0x001208    program     static C:\Users\bjon4634\Desktop\25-Oct.X\menu_nav.c
                   __pa_7   0x001226    program     static C:\Users\bjon4634\Desktop\25-Oct.X\menu_nav.c
                   __pa_8   0x001230    program     static C:\Users\bjon4634\Desktop\25-Oct.X\menu_nav.c
                   __pa_9   0x001240    program     static C:\Users\bjon4634\Desktop\25-Oct.X\menu_nav.c
                  __pa_10   0x00124c    program     static C:\Users\bjon4634\Desktop\25-Oct.X\menu_nav.c
                  __pa_11   0x001258    program     static C:\Users\bjon4634\Desktop\25-Oct.X\menu_nav.c
                  __pa_12   0x001266    program     static C:\Users\bjon4634\Desktop\25-Oct.X\menu_nav.c
                  __pa_13   0x001274    program     static C:\Users\bjon4634\Desktop\25-Oct.X\menu_nav.c
                  __pa_14   0x00127e    program     static C:\Users\bjon4634\Desktop\25-Oct.X\menu_nav.c
[...]
                     DDRD   0x000f95       data     extern E:\c18v3.46\pic18-lt\cxx-framework\src\traditional\proc\p18f4520.asm
                 DDRDbits   0x000f95       data     extern E:\c18v3.46\pic18-lt\cxx-framework\src\traditional\proc\p18f4520.asm
                TRISEbits   0x000f96       data     extern E:\c18v3.46\pic18-lt\cxx-framework\src\traditional\proc\p18f4520.asm
                    TRISE   0x000f96       data     extern E:\c18v3.46\pic18-lt\cxx-framework\src\traditional\proc\p18f4520.asm
                     DDRE   0x000f96       data     extern E:\c18v3.46\pic18-lt\cxx-framework\src\traditional\proc\p18f4520.asm
                 DDREbits   0x000f96       data     extern E:\c18v3.46\pic18-lt\cxx-framework\src\traditional\proc\p18f4520.asm
              OSCTUNEbits   0x000f9b       data     extern E:\c18v3.46\pic18-lt\cxx-framework\src\traditional\proc\p18f4520.asm
                  OSCTUNE   0x000f9b       data     extern E:\c18v3.46\pic18-lt\cxx-framework\src\traditional\proc\p18f4520.asm
                     PIE1   0x000f9d       data     extern E:\c18v3.46\pic18-lt\cxx-framework\src\traditional\proc\p18f4520.asm
                 PIE1bits   0x000f9d       data     extern E:\c18v3.46\pic18-lt\cxx-framework\src\traditional\proc\p18f4520.asm
                 PIR1bits   0x000f9e       data     extern E:\c18v3.46\pic18-lt\cxx-framework\src\traditional\proc\p18f4520.asm
                     PIR1   0x000f9e       data     extern E:\c18v3.46\pic18-lt\cxx-framework\src\traditional\proc\p18f4520.asm
                 IPR1bits   0x000f9f       data     extern E:\c18v3.46\pic18-lt\cxx-framework\src\traditional\proc\p18f4520.asm
                     IPR1   0x000f9f       data     extern E:\c18v3.46\pic18-lt\cxx-framework\src\traditional\proc\p18f4520.asm
                 PIE2bits   0x000fa0       data     extern E:\c18v3.46\pic18-lt\cxx-framework\src\traditional\proc\p18f4520.asm
                     PIE2   0x000fa0       data     extern E:\c18v3.46\pic18-lt\cxx-framework\src\traditional\proc\p18f4520.asm
                     PIR2   0x000fa1       data     extern E:\c18v3.46\pic18-lt\cxx-framework\src\traditional\proc\p18f4520.asm
                 PIR2bits   0x000fa1       data     extern E:\c18v3.46\pic18-lt\cxx-framework\src\traditional\proc\p18f4520.asm
                     IPR2   0x000fa2       data     extern E:\c18v3.46\pic18-lt\cxx-framework\src\traditional\proc\p18f4520.asm
                 IPR2bits   0x000fa2       data     extern E:\c18v3.46\pic18-lt\cxx-framework\src\traditional\proc\p18f4520.asm
               EECON1bits   0x000fa6       data     extern E:\c18v3.46\pic18-lt\cxx-framework\src\traditional\proc\p18f4520.asm
                   EECON1   0x000fa6       data     extern E:\c18v3.46\pic18-lt\cxx-framework\src\traditional\proc\p18f4520.asm
                   EECON2   0x000fa7       data     extern E:\c18v3.46\pic18-lt\cxx-framework\src\traditional\proc\p18f4520.asm
                   EEDATA   0x000fa8       data     extern E:\c18v3.46\pic18-lt\cxx-framework\src\traditional\proc\p18f4520.asm
                    EEADR   0x000fa9       data     extern E:\c18v3.46\pic18-lt\cxx-framework\src\traditional\proc\p18f4520.asm
                    RCSTA   0x000fab       data     extern E:\c18v3.46\pic18-lt\cxx-framework\src\traditional\proc\p18f4520.asm
                RCSTAbits   0x000fab       data     extern E:\c18v3.46\pic18-lt\cxx-framework\src\traditional\proc\p18f4520.asm
                TXSTAbits   0x000fac       data     extern E:\c18v3.46\pic18-lt\cxx-framework\src\traditional\proc\p18f4520.asm
                    TXSTA   0x000fac       data     extern E:\c18v3.46\pic18-lt\cxx-framework\src\traditional\proc\p18f4520.asm
                    TXREG   0x000fad       data     extern E:\c18v3.46\pic18-lt\cxx-framework\src\traditional\proc\p18f4520.asm
                    RCREG   0x000fae       data     extern E:\c18v3.46\pic18-lt\cxx-framework\src\traditional\proc\p18f4520.asm
                    SPBRG   0x000faf       data     extern E:\c18v3.46\pic18-lt\cxx-framework\src\traditional\proc\p18f4520.asm
                   SPBRGH   0x000fb0       data     extern E:\c18v3.46\pic18-lt\cxx-framework\src\traditional\proc\p18f4520.asm
                T3CONbits   0x000fb1       data     extern E:\c18v3.46\pic18-lt\cxx-framework\src\traditional\proc\p18f4520.asm
                    T3CON   0x000fb1       data     extern E:\c18v3.46\pic18-lt\cxx-framework\src\traditional\proc\p18f4520.asm
                    TMR3L   0x000fb2       data     extern E:\c18v3.46\pic18-lt\cxx-framework\src\traditional\proc\p18f4520.asm
                    TMR3H   0x000fb3       data     extern E:\c18v3.46\pic18-lt\cxx-framework\src\traditional\proc\p18f4520.asm
                    CMCON   0x000fb4       data     extern E:\c18v3.46\pic18-lt\cxx-framework\src\traditional\proc\p18f4520.asm
                CMCONbits   0x000fb4       data     extern E:\c18v3.46\pic18-lt\cxx-framework\src\traditional\proc\p18f4520.asm
                   CVRCON   0x000fb5       data     extern E:\c18v3.46\pic18-lt\cxx-framework\src\traditional\proc\p18f4520.asm
               CVRCONbits   0x000fb5       data     extern E:\c18v3.46\pic18-lt\cxx-framework\src\traditional\proc\p18f4520.asm
               ECCPASbits   0x000fb6       data     extern E:\c18v3.46\pic18-lt\cxx-framework\src\traditional\proc\p18f4520.asm
                  ECCP1AS   0x000fb6       data     extern E:\c18v3.46\pic18-lt\cxx-framework\src\traditional\proc\p18f4520.asm
              ECCP1ASbits   0x000fb6       data     extern E:\c18v3.46\pic18-lt\cxx-framework\src\traditional\proc\p18f4520.asm
                   ECCPAS   0x000fb6       data     extern E:\c18v3.46\pic18-lt\cxx-framework\src\traditional\proc\p18f4520.asm
             ECCP1DELbits   0x000fb7       data     extern E:\c18v3.46\pic18-lt\cxx-framework\src\traditional\proc\p18f4520.asm
                 ECCP1DEL   0x000fb7       data     extern E:\c18v3.46\pic18-lt\cxx-framework\src\traditional\proc\p18f4520.asm
                  PWM1CON   0x000fb7       data     extern E:\c18v3.46\pic18-lt\cxx-framework\src\traditional\proc\p18f4520.asm
              PWM1CONbits   0x000fb7       data     extern E:\c18v3.46\pic18-lt\cxx-framework\src\traditional\proc\p18f4520.asm
              BAUDCONbits   0x000fb8       data     extern E:\c18v3.46\pic18-lt\cxx-framework\src\traditional\proc\p18f4520.asm
                  BAUDCON   0x000fb8       data     extern E:\c18v3.46\pic18-lt\cxx-framework\src\traditional\proc\p18f4520.asm
                  BAUDCTL   0x000fb8       data     extern E:\c18v3.46\pic18-lt\cxx-framework\src\traditional\proc\p18f4520.asm
              BAUDCTLbits   0x000fb8       data     extern E:\c18v3.46\pic18-lt\cxx-framework\src\traditional\proc\p18f4520.asm
                  CCP2CON   0x000fba       data     extern E:\c18v3.46\pic18-lt\cxx-framework\src\traditional\proc\p18f4520.asm
              CCP2CONbits   0x000fba       data     extern E:\c18v3.46\pic18-lt\cxx-framework\src\traditional\proc\p18f4520.asm
                   CCPR2L   0x000fbb       data     extern E:\c18v3.46\pic18-lt\cxx-framework\src\traditional\proc\p18f4520.asm
                    CCPR2   0x000fbb       data     extern E:\c18v3.46\pic18-lt\cxx-framework\src\traditional\proc\p18f4520.asm
                   CCPR2H   0x000fbc       data     extern E:\c18v3.46\pic18-lt\cxx-framework\src\traditional\proc\p18f4520.asm
              CCP1CONbits   0x000fbd       data     extern E:\c18v3.46\pic18-lt\cxx-framework\src\traditional\proc\p18f4520.asm
                  CCP1CON   0x000fbd       data     extern E:\c18v3.46\pic18-lt\cxx-framework\src\traditional\proc\p18f4520.asm
                   CCPR1L   0x000fbe       data     extern E:\c18v3.46\pic18-lt\cxx-framework\src\traditional\proc\p18f4520.asm
                    CCPR1   0x000fbe       data     extern E:\c18v3.46\pic18-lt\cxx-framework\src\traditional\proc\p18f4520.asm
                   CCPR1H   0x000fbf       data     extern E:\c18v3.46\pic18-lt\cxx-framework\src\traditional\proc\p18f4520.asm
                   ADCON2   0x000fc0       data     extern E:\c18v3.46\pic18-lt\cxx-framework\src\traditional\proc\p18f4520.asm
               ADCON2bits   0x000fc0       data     extern E:\c18v3.46\pic18-lt\cxx-framework\src\traditional\proc\p18f4520.asm
                   ADCON1   0x000fc1       data     extern E:\c18v3.46\pic18-lt\cxx-framework\src\traditional\proc\p18f4520.asm
               ADCON1bits   0x000fc1       data     extern E:\c18v3.46\pic18-lt\cxx-framework\src\traditional\proc\p18f4520.asm
                   ADCON0   0x000fc2       data     extern E:\c18v3.46\pic18-lt\cxx-framework\src\traditional\proc\p18f4520.asm
               ADCON0bits   0x000fc2       data     extern E:\c18v3.46\pic18-lt\cxx-framework\src\traditional\proc\p18f4520.asm
                    ADRES   0x000fc3       data     extern E:\c18v3.46\pic18-lt\cxx-framework\src\traditional\proc\p18f4520.asm
                   ADRESL   0x000fc3       data     extern E:\c18v3.46\pic18-lt\cxx-framework\src\traditional\proc\p18f4520.asm
                   ADRESH   0x000fc4       data     extern E:\c18v3.46\pic18-lt\cxx-framework\src\traditional\proc\p18f4520.asm
                  SSPCON2   0x000fc5       data     extern E:\c18v3.46\pic18-lt\cxx-framework\src\traditional\proc\p18f4520.asm
              SSPCON2bits   0x000fc5       data     extern E:\c18v3.46\pic18-lt\cxx-framework\src\traditional\proc\p18f4520.asm
                  SSPCON1   0x000fc6       data     extern E:\c18v3.46\pic18-lt\cxx-framework\src\traditional\proc\p18f4520.asm
              SSPCON1bits   0x000fc6       data     extern E:\c18v3.46\pic18-lt\cxx-framework\src\traditional\proc\p18f4520.asm
                  SSPSTAT   0x000fc7       data     extern E:\c18v3.46\pic18-lt\cxx-framework\src\traditional\proc\p18f4520.asm
              SSPSTATbits   0x000fc7       data     extern E:\c18v3.46\pic18-lt\cxx-framework\src\traditional\proc\p18f4520.asm
                   SSPADD   0x000fc8       data     extern E:\c18v3.46\pic18-lt\cxx-framework\src\traditional\proc\p18f4520.asm
                   SSPBUF   0x000fc9       data     extern E:\c18v3.46\pic18-lt\cxx-framework\src\traditional\proc\p18f4520.asm
                    T2CON   0x000fca       data     extern E:\c18v3.46\pic18-lt\cxx-framework\src\traditional\proc\p18f4520.asm
                T2CONbits   0x000fca       data     extern E:\c18v3.46\pic18-lt\cxx-framework\src\traditional\proc\p18f4520.asm
                      PR2   0x000fcb       data     extern E:\c18v3.46\pic18-lt\cxx-framework\src\traditional\proc\p18f4520.asm
                     TMR2   0x000fcc       data     extern E:\c18v3.46\pic18-lt\cxx-framework\src\traditional\proc\p18f4520.asm
                    T1CON   0x000fcd       data     extern E:\c18v3.46\pic18-lt\cxx-framework\src\traditional\proc\p18f4520.asm
                T1CONbits   0x000fcd       data     extern E:\c18v3.46\pic18-lt\cxx-framework\src\traditional\proc\p18f4520.asm
                    TMR1L   0x000fce       data     extern E:\c18v3.46\pic18-lt\cxx-framework\src\traditional\proc\p18f4520.asm
                    TMR1H   0x000fcf       data     extern E:\c18v3.46\pic18-lt\cxx-framework\src\traditional\proc\p18f4520.asm
                     RCON   0x000fd0       data     extern E:\c18v3.46\pic18-lt\cxx-framework\src\traditional\proc\p18f4520.asm
                 RCONbits   0x000fd0       data     extern E:\c18v3.46\pic18-lt\cxx-framework\src\traditional\proc\p18f4520.asm
               WDTCONbits   0x000fd1       data     extern E:\c18v3.46\pic18-lt\cxx-framework\src\traditional\proc\p18f4520.asm
                   WDTCON   0x000fd1       data     extern E:\c18v3.46\pic18-lt\cxx-framework\src\traditional\proc\p18f4520.asm
                   LVDCON   0x000fd2       data     extern E:\c18v3.46\pic18-lt\cxx-framework\src\traditional\proc\p18f4520.asm
               LVDCONbits   0x000fd2       data     extern E:\c18v3.46\pic18-lt\cxx-framework\src\traditional\proc\p18f4520.asm
              HLVDCONbits   0x000fd2       data     extern E:\c18v3.46\pic18-lt\cxx-framework\src\traditional\proc\p18f4520.asm
                  HLVDCON   0x000fd2       data     extern E:\c18v3.46\pic18-lt\cxx-framework\src\traditional\proc\p18f4520.asm
               OSCCONbits   0x000fd3       data     extern E:\c18v3.46\pic18-lt\cxx-framework\src\traditional\proc\p18f4520.asm
                   OSCCON   0x000fd3       data     extern E:\c18v3.46\pic18-lt\cxx-framework\src\traditional\proc\p18f4520.asm
                T0CONbits   0x000fd5       data     extern E:\c18v3.46\pic18-lt\cxx-framework\src\traditional\proc\p18f4520.asm
                    T0CON   0x000fd5       data     extern E:\c18v3.46\pic18-lt\cxx-framework\src\traditional\proc\p18f4520.asm
                    TMR0L   0x000fd6       data     extern E:\c18v3.46\pic18-lt\cxx-framework\src\traditional\proc\p18f4520.asm
                    TMR0H   0x000fd7       data     extern E:\c18v3.46\pic18-lt\cxx-framework\src\traditional\proc\p18f4520.asm
                   STATUS   0x000fd8       data     extern E:\c18v3.46\pic18-lt\cxx-framework\src\traditional\proc\p18f4520.asm
               STATUSbits   0x000fd8       data     extern E:\c18v3.46\pic18-lt\cxx-framework\src\traditional\proc\p18f4520.asm
                    FSR2L   0x000fd9       data     extern E:\c18v3.46\pic18-lt\cxx-framework\src\traditional\proc\p18f4520.asm
                     FSR2   0x000fd9       data     extern E:\c18v3.46\pic18-lt\cxx-framework\src\traditional\proc\p18f4520.asm
                    FSR2H   0x000fda       data     extern E:\c18v3.46\pic18-lt\cxx-framework\src\traditional\proc\p18f4520.asm
                   PLUSW2   0x000fdb       data     extern E:\c18v3.46\pic18-lt\cxx-framework\src\traditional\proc\p18f4520.asm
                  PREINC2   0x000fdc       data     extern E:\c18v3.46\pic18-lt\cxx-framework\src\traditional\proc\p18f4520.asm
                 POSTDEC2   0x000fdd       data     extern E:\c18v3.46\pic18-lt\cxx-framework\src\traditional\proc\p18f4520.asm
                 POSTINC2   0x000fde       data     extern E:\c18v3.46\pic18-lt\cxx-framework\src\traditional\proc\p18f4520.asm
                    INDF2   0x000fdf       data     extern E:\c18v3.46\pic18-lt\cxx-framework\src\traditional\proc\p18f4520.asm
                      BSR   0x000fe0       data     extern E:\c18v3.46\pic18-lt\cxx-framework\src\traditional\proc\p18f4520.asm
                    FSR1L   0x000fe1       data     extern E:\c18v3.46\pic18-lt\cxx-framework\src\traditional\proc\p18f4520.asm
                     FSR1   0x000fe1       data     extern E:\c18v3.46\pic18-lt\cxx-framework\src\traditional\proc\p18f4520.asm
                    FSR1H   0x000fe2       data     extern E:\c18v3.46\pic18-lt\cxx-framework\src\traditional\proc\p18f4520.asm
                   PLUSW1   0x000fe3       data     extern E:\c18v3.46\pic18-lt\cxx-framework\src\traditional\proc\p18f4520.asm
                  PREINC1   0x000fe4       data     extern E:\c18v3.46\pic18-lt\cxx-framework\src\traditional\proc\p18f4520.asm
                 POSTDEC1   0x000fe5       data     extern E:\c18v3.46\pic18-lt\cxx-framework\src\traditional\proc\p18f4520.asm
                 POSTINC1   0x000fe6       data     extern E:\c18v3.46\pic18-lt\cxx-framework\src\traditional\proc\p18f4520.asm
                    INDF1   0x000fe7       data     extern E:\c18v3.46\pic18-lt\cxx-framework\src\traditional\proc\p18f4520.asm
                     WREG   0x000fe8       data     extern E:\c18v3.46\pic18-lt\cxx-framework\src\traditional\proc\p18f4520.asm
                        W   0x000fe8       data     extern E:\c18v3.46\pic18-lt\cxx-framework\src\traditional\proc\p18f4520.asm
                    FSR0L   0x000fe9       data     extern E:\c18v3.46\pic18-lt\cxx-framework\src\traditional\proc\p18f4520.asm
                     FSR0   0x000fe9       data     extern E:\c18v3.46\pic18-lt\cxx-framework\src\traditional\proc\p18f4520.asm
                    FSR0H   0x000fea       data     extern E:\c18v3.46\pic18-lt\cxx-framework\src\traditional\proc\p18f4520.asm
                   PLUSW0   0x000feb       data     extern E:\c18v3.46\pic18-lt\cxx-framework\src\traditional\proc\p18f4520.asm
                  PREINC0   0x000fec       data     extern E:\c18v3.46\pic18-lt\cxx-framework\src\traditional\proc\p18f4520.asm
                 POSTDEC0   0x000fed       data     extern E:\c18v3.46\pic18-lt\cxx-framework\src\traditional\proc\p18f4520.asm
                 POSTINC0   0x000fee       data     extern E:\c18v3.46\pic18-lt\cxx-framework\src\traditional\proc\p18f4520.asm
                    INDF0   0x000fef       data     extern E:\c18v3.46\pic18-lt\cxx-framework\src\traditional\proc\p18f4520.asm
                  INTCON3   0x000ff0       data     extern E:\c18v3.46\pic18-lt\cxx-framework\src\traditional\proc\p18f4520.asm
              INTCON3bits   0x000ff0       data     extern E:\c18v3.46\pic18-lt\cxx-framework\src\traditional\proc\p18f4520.asm
              INTCON2bits   0x000ff1       data     extern E:\c18v3.46\pic18-lt\cxx-framework\src\traditional\proc\p18f4520.asm
                  INTCON2   0x000ff1       data     extern E:\c18v3.46\pic18-lt\cxx-framework\src\traditional\proc\p18f4520.asm
                   INTCON   0x000ff2       data     extern E:\c18v3.46\pic18-lt\cxx-framework\src\traditional\proc\p18f4520.asm
               INTCONbits   0x000ff2       data     extern E:\c18v3.46\pic18-lt\cxx-framework\src\traditional\proc\p18f4520.asm
                     PROD   0x000ff3       data     extern E:\c18v3.46\pic18-lt\cxx-framework\src\traditional\proc\p18f4520.asm
                    PRODL   0x000ff3       data     extern E:\c18v3.46\pic18-lt\cxx-framework\src\traditional\proc\p18f4520.asm
                    PRODH   0x000ff4       data     extern E:\c18v3.46\pic18-lt\cxx-framework\src\traditional\proc\p18f4520.asm
                   TABLAT   0x000ff5       data     extern E:\c18v3.46\pic18-lt\cxx-framework\src\traditional\proc\p18f4520.asm
                  TBLPTRL   0x000ff6       data     extern E:\c18v3.46\pic18-lt\cxx-framework\src\traditional\proc\p18f4520.asm
                   TBLPTR   0x000ff6       data     extern E:\c18v3.46\pic18-lt\cxx-framework\src\traditional\proc\p18f4520.asm
                  TBLPTRH   0x000ff7       data     extern E:\c18v3.46\pic18-lt\cxx-framework\src\traditional\proc\p18f4520.asm
                  TBLPTRU   0x000ff8       data     extern E:\c18v3.46\pic18-lt\cxx-framework\src\traditional\proc\p18f4520.asm
                       PC   0x000ff9       data     extern E:\c18v3.46\pic18-lt\cxx-framework\src\traditional\proc\p18f4520.asm
                      PCL   0x000ff9       data     extern E:\c18v3.46\pic18-lt\cxx-framework\src\traditional\proc\p18f4520.asm
                   PCLATH   0x000ffa       data     extern E:\c18v3.46\pic18-lt\cxx-framework\src\traditional\proc\p18f4520.asm
                   PCLATU   0x000ffb       data     extern E:\c18v3.46\pic18-lt\cxx-framework\src\traditional\proc\p18f4520.asm
               STKPTRbits   0x000ffc       data     extern E:\c18v3.46\pic18-lt\cxx-framework\src\traditional\proc\p18f4520.asm
                   STKPTR   0x000ffc       data     extern E:\c18v3.46\pic18-lt\cxx-framework\src\traditional\proc\p18f4520.asm
                      TOS   0x000ffd       data     extern E:\c18v3.46\pic18-lt\cxx-framework\src\traditional\proc\p18f4520.asm
                     TOSL   0x000ffd       data     extern E:\c18v3.46\pic18-lt\cxx-framework\src\traditional\proc\p18f4520.asm
                     TOSH   0x000ffe       data     extern E:\c18v3.46\pic18-lt\cxx-framework\src\traditional\proc\p18f4520.asm
                     TOSU   0x000fff       data     extern E:\c18v3.46\pic18-lt\cxx-framework\src\traditional\proc\p18f4520.asm


